17:32:02 [    INFO] [{'No': '1', 'params': '{\n  "token":"DEV",\n  "os":"android",\n  "ver":"9.13.3",\n  "type":"CI0033"\n}', 'Expected Result': '{"cs_app":{"uid":"82800","phone_nbr":"09278***88      ","subscrid":"14796488","api_type":"CI0033","gprs":{},"type":"P5G","ret_code":"0","primary":{"charge_fee":1199,"package_code":"SD-AC1","charge_code":"5AC","charge_description":"5G 1199型","short_desc":"1199型","msisdn":"09278***88      "}}}', 'Note': '1199 or 999 會變動', 'Unnamed: 4': '首頁資費資訊'}, {'No': '2', 'params': '{\n  "token":"DEV",\n  "os":"android",\n  "ver":"9.13.3",\n  "type":"CI0033"\n}', 'Expected Result': '{"cs_app":{"uid":"82800","phone_nbr":"09278***88      ","subscrid":"14796488","api_type":"CI0033","gprs":{},"type":"P5G","ret_code":"0","primary":{"charge_fee":999,"package_code":"SD-AB1","charge_code":"5AB","charge_description":"5G 999型","short_desc":"999型","msisdn":"09278***88      "}}}', 'Note': '1199 or 999 會變動', 'Unnamed: 4': '首頁資費資訊'}, {'No': '3', 'params': '{\n  "token":"DEV",\n  "os":"ios",\n  "ver":"9.13.3",\n  "type":"CI0033"\n}', 'Expected Result': '{"cs_app":{"uid":"82800","phone_nbr":"09278***88      ","subscrid":"14796488","api_type":"CI0033","gprs":{},"type":"P5G","ret_code":"0","primary":{"charge_fee":999,"package_code":"SD-AB1","charge_code":"5AB","charge_description":"5G 999型","short_desc":"999型","msisdn":"09278***88      "}}}', 'Note': '1199 or 999 會變動', 'Unnamed: 4': '首頁資費資訊'}, {'No': '4', 'params': '{\n  "token":"DEV",\n  "os":"ios",\n  "ver":"9.13.3",\n  "type":"CI0033"\n}', 'Expected Result': '{"cs_app":{"uid":"82800","phone_nbr":"09278***88      ","subscrid":"14796488","api_type":"CI0033","gprs":{},"type":"P5G","ret_code":"0","primary":{"charge_fee":1199,"package_code":"SD-AC1","charge_code":"5AC","charge_description":"5G 1199型","short_desc":"1199型","msisdn":"09278***88      "}}}', 'Note': '1199 or 999 會變動', 'Unnamed: 4': '首頁資費資訊'}] (get_data_from_excel.py:13)
17:32:02 [    INFO] [{'No': '1', 'params': '{\n  "token":"DEV",\n  "os":"android",\n  "action":"A",\n  "service_id":"1"\n}', 'Expected Result': '{"cs_app":{"uid":"82800","subscrid":"14796488","service_list":[{"service_id":"1","service_status":"1"}],"ret_code":"0"}}', 'Note': 'A:申請\nD:取消', 'Unnamed: 4': '申裝/取消基本服務API', 'Unnamed: 5': ' service_status\t服務異動狀態(0:成功/1:失敗)\n service_id\t\t可帶多個'}, {'No': '2', 'params': '{\n  "token":"DEV",\n  "os":"android",\n  "action":"D",\n  "service_id":"1"\n}', 'Expected Result': '{"cs_app":{"uid":"82800","subscrid":"14796488","service_list":[{"service_id":"1","service_status":"1"}],"ret_code":"0"}}', 'Note': 'A:申請\nD:取消', 'Unnamed: 4': '申裝/取消基本服務API', 'Unnamed: 5': ' service_status\t服務異動狀態(0:成功/1:失敗)\n service_id\t\t可帶多個'}, {'No': '3', 'params': '{\n  "token":"DEV",\n  "os":"ios",\n  "action":"A",\n  "service_id":"1"\n}', 'Expected Result': '{"cs_app":{"uid":"82800","subscrid":"14796488","service_list":[{"service_id":"1","service_status":"1"}],"ret_code":"0"}}', 'Note': 'A:申請\nD:取消', 'Unnamed: 4': '申裝/取消基本服務API', 'Unnamed: 5': ' service_status\t服務異動狀態(0:成功/1:失敗)\n service_id\t\t可帶多個'}, {'No': '4', 'params': '{\n  "token":"DEV",\n  "os":"ios",\n  "action":"D",\n  "service_id":"1"\n}', 'Expected Result': '{"cs_app":{"uid":"82800","subscrid":"14796488","service_list":[{"service_id":"1","service_status":"1"}],"ret_code":"0"}}', 'Note': 'A:申請\nD:取消', 'Unnamed: 4': '申裝/取消基本服務API', 'Unnamed: 5': ' service_status\t服務異動狀態(0:成功/1:失敗)\n service_id\t\t可帶多個'}] (get_data_from_excel.py:13)
17:32:02 [    INFO] [{'No': '1', 'params': '{\n  "token":"DEV",\n  "os":"android",\n  "ver":"9.13.3"\n}', 'Expected Result': '{"cs_app":{"uid":"82800","subscrid":"14796488","ret_code":"0","status":"N"}}', 'Note': 'status\n\u3000Y：已申裝\n\u3000N：未申裝', 'Unnamed: 4': '國際Wi-Fi通狀態查詢 API'}, {'No': '2', 'params': '{\n  "token":"DEV",\n  "os":"ios",\n  "ver":"9.13.3"\n}', 'Expected Result': '{"cs_app":{"uid":"82800","subscrid":"14796488","ret_code":"0","status":"N"}}', 'Note': 'status\n\u3000Y：已申裝\n\u3000N：未申裝', 'Unnamed: 4': '國際Wi-Fi通狀態查詢 API'}] (get_data_from_excel.py:13)
17:32:02 [    INFO] [{'No': '1', 'params': '{\n  "token":"DEV",\n  "os":"android",\n  "ver":"9.13.3"\n}', 'Expected Result': '{"cs_app":{"desc_data":[{"cs_seq":1232803,"service_desc":" ","cs_desc_type":"TEXT_1","service_item":"WSC83"},{"cs_seq":1232804,"service_desc":" ","cs_desc_type":"TEXT_2","service_item":"WSC83"},{"cs_seq":1232805,"service_desc":" ","cs_desc_type":"TEXT_3","service_item":"WSC83"},{"cs_seq":1232806,"service_desc":" ","cs_desc_type":"TEXT_4","service_item":"WSC83"},{"cs_seq":1232807,"service_desc":"收費說明 :1.每日總使用量低於5MB(含)，收費49元。2.每日總使用量超過5MB以上，以每KB 0.0244元計費，當日收費上限最高399元。收費提醒 :1.日期計算基準以24小時為單位，自服務申請生效開始，連續24小時為第1日，第25-48小時為第2日，以此類推。2.當日系統未收到任何使用之傳輸量記錄，則不收取任何費用。3.本服務最長可申請連續使用天數為30天。","cs_desc_type":"TEXT_5","service_item":"WSC83"},{"cs_seq":1232808,"service_desc":"貼心提醒:1.已申請國內微量上網方案且在服務效期內，將無法使用漫遊上網功能及申辦漫遊上網服務(日租型/計量型)，如有漫遊上網需求者，請洽188客服。2.本服務於開通成功、結束前、結束後，將貼心發送簡訊通知用戶。3.服務實際生效時間請以簡訊內容為主。4.提醒簡訊接收狀況需視漫遊國之漫遊網訊號情況而定。5. 服務生效時，同時開啟國際漫遊上網功能，服務結束後，主動關閉國際漫遊上網功能 。","cs_desc_type":"TEXT_6","service_item":"WSC83"},{"cs_seq":1232809,"service_desc":"提醒您！ 1.服務實際生效時間，請以簡訊內容為主。 2.漫遊行動上網日租型服務生效後，請記得關機再重新開機。","cs_desc_type":"TEXT_7","service_item":"WSC83"},{"cs_seq":1232810,"service_desc":"提醒您：1.服務正式啟用時間請以簡訊內容為主，起迄時間的計算，皆以台灣時間為主。2.漫遊行動上網日租型服務生效後，請記得關機再重新開機。3.服務生效時，同時開啟國際漫遊上網功能，服務結束後，主動關閉國際漫遊上網功能，已申請不主動關閉漫遊上網服務的用戶，日租型/計量型服務結束後系統不會主動關閉漫遊上網。","cs_desc_type":"TEXT_8","service_item":"WSC83"},{"cs_seq":1232802,"service_desc":"漫遊上網日租型","cs_desc_type":"TEXT_0","service_item":"WSC83"}],"ANLMN_status":"Y","ret_code":"0","status":"N"}}', 'Note': 'ANLMN_status(國際漫遊服務申請狀態)\n N：未申請\n Y：已申請', 'Unnamed: 4': '漫遊行動上網日租型服務 – 狀態查詢 API'}, {'No': '2', 'params': '{\n  "token":"DEV",\n  "os":"ios",\n  "ver":"9.13.3"\n}', 'Expected Result': '{"cs_app":{"desc_data":[{"cs_seq":1232803,"service_desc":" ","cs_desc_type":"TEXT_1","service_item":"WSC83"},{"cs_seq":1232804,"service_desc":" ","cs_desc_type":"TEXT_2","service_item":"WSC83"},{"cs_seq":1232805,"service_desc":" ","cs_desc_type":"TEXT_3","service_item":"WSC83"},{"cs_seq":1232806,"service_desc":" ","cs_desc_type":"TEXT_4","service_item":"WSC83"},{"cs_seq":1232807,"service_desc":"收費說明 :1.每日總使用量低於5MB(含)，收費49元。2.每日總使用量超過5MB以上，以每KB 0.0244元計費，當日收費上限最高399元。收費提醒 :1.日期計算基準以24小時為單位，自服務申請生效開始，連續24小時為第1日，第25-48小時為第2日，以此類推。2.當日系統未收到任何使用之傳輸量記錄，則不收取任何費用。3.本服務最長可申請連續使用天數為30天。","cs_desc_type":"TEXT_5","service_item":"WSC83"},{"cs_seq":1232808,"service_desc":"貼心提醒:1.已申請國內微量上網方案且在服務效期內，將無法使用漫遊上網功能及申辦漫遊上網服務(日租型/計量型)，如有漫遊上網需求者，請洽188客服。2.本服務於開通成功、結束前、結束後，將貼心發送簡訊通知用戶。3.服務實際生效時間請以簡訊內容為主。4.提醒簡訊接收狀況需視漫遊國之漫遊網訊號情況而定。5. 服務生效時，同時開啟國際漫遊上網功能，服務結束後，主動關閉國際漫遊上網功能 。","cs_desc_type":"TEXT_6","service_item":"WSC83"},{"cs_seq":1232809,"service_desc":"提醒您！ 1.服務實際生效時間，請以簡訊內容為主。 2.漫遊行動上網日租型服務生效後，請記得關機再重新開機。","cs_desc_type":"TEXT_7","service_item":"WSC83"},{"cs_seq":1232810,"service_desc":"提醒您：1.服務正式啟用時間請以簡訊內容為主，起迄時間的計算，皆以台灣時間為主。2.漫遊行動上網日租型服務生效後，請記得關機再重新開機。3.服務生效時，同時開啟國際漫遊上網功能，服務結束後，主動關閉國際漫遊上網功能，已申請不主動關閉漫遊上網服務的用戶，日租型/計量型服務結束後系統不會主動關閉漫遊上網。","cs_desc_type":"TEXT_8","service_item":"WSC83"},{"cs_seq":1232802,"service_desc":"漫遊上網日租型","cs_desc_type":"TEXT_0","service_item":"WSC83"}],"ANLMN_status":"N","ret_code":"0","status":"N"}}', 'Note': 'ANLMN_status(國際漫遊服務申請狀態)\n N：未申請\n Y：已申請', 'Unnamed: 4': '漫遊行動上網日租型服務 – 狀態查詢 API'}] (get_data_from_excel.py:13)
17:32:02 [    INFO] [{'No': '1', 'params': '{\n  "token":"DEV",\n  "os":"android",\n  "ver":"9.13.3",\n  "type":"RP0046",\n  "svc_item":"ANLMN",\n  "action":"A"\n}', 'Expected Result': '{"cs_app":{"uid":"82800","subscrid":"14796488","reminder":["加價購效期與主方案同步： (1)主方案預設效期不因加購延長；(2)預設效期內總購買量用完，若為量到斷線方案，將提前結束效期；若為量到降速方案或三合一、共享型方案將降速至64kbps"],"api_type":"RP0046","ret_code":"0"}}', 'Note': 'android_ANLMN申裝', 'Unnamed: 4': '已申請服務項目 \nANLMN : 國際漫遊數據服務\nWS906 : 國際漫遊上網計日型服務 1日\nWS907 : 國際漫遊上網計日型服務 3日\nWS908 : 國際漫遊上網計日型服務 5日', 'Unnamed: 5': '漫遊加價購申裝'}, {'No': '2', 'params': '{\n  "token":"DEV",\n  "os":"android",\n  "ver":"9.13.3",\n  "type":"RP0046",\n  "svc_item":"ANLMN",\n  "action":"A"\n}', 'Expected Result': '{"cs_app":{"uid":"82800","subscrid":"14796488","api_type":"RP0046","errMsg":"com.twm.cs.domain.exception.JDBCAPIException: errApi:WT33/errMsg:用戶已有此服務或申請累積次數超過上限！}]","ret_code":"9","errMsgDesc":"加購失敗：請確認您已生效漫遊上網方案；若有疑問，請洽188客服中心，海外請撥漫遊免費客服電話+886935120520"}}', 'Note': 'android_ANLMN申裝', 'Unnamed: 4': '已申請服務項目 \nANLMN : 國際漫遊數據服務\nWS906 : 國際漫遊上網計日型服務 1日\nWS907 : 國際漫遊上網計日型服務 3日\nWS908 : 國際漫遊上網計日型服務 5日', 'Unnamed: 5': '漫遊加價購申裝'}, {'No': '3', 'params': '{\n  "token":"DEV",\n  "os":"android",\n  "ver":"9.13.3",\n  "type":"RP0046",\n  "svc_item":"ANLMN",\n  "action":"D"\n}', 'Expected Result': '{"cs_app":{"uid":"82800","subscrid":"14796488","reminder":["加價購效期與主方案同步： (1)主方案預設效期不因加購延長；(2)預設效期內總購買量用完，若為量到斷線方案，將提前結束效期；若為量到降速方案或三合一、共享型方案將降速至64kbps"],"api_type":"RP0046","ret_code":"0"}}', 'Note': 'android_ANLMN取消', 'Unnamed: 4': '已申請服務項目 \nANLMN : 國際漫遊數據服務\nWS906 : 國際漫遊上網計日型服務 1日\nWS907 : 國際漫遊上網計日型服務 3日\nWS908 : 國際漫遊上網計日型服務 5日', 'Unnamed: 5': '漫遊加價購申裝'}, {'No': '4', 'params': '{\n  "token":"DEV",\n  "os":"android",\n  "ver":"9.13.3",\n  "type":"RP0046",\n  "svc_item":"ANLMN",\n  "action":"D"\n}', 'Expected Result': '{"cs_app":{"uid":"82800","subscrid":"14796488","api_type":"RP0046","errMsg":"com.twm.cs.domain.exception.JDBCAPIException: errApi:WT33/errMsg:用戶沒有此服務存在，無法進行取消！}]","ret_code":"9","errMsgDesc":"加購失敗：請確認您已生效漫遊上網方案；若有疑問，請洽188客服中心，海外請撥漫遊免費客服電話+886935120520"}}', 'Note': 'android_ANLMN再取消', 'Unnamed: 4': '已申請服務項目 \nANLMN : 國際漫遊數據服務\nWS906 : 國際漫遊上網計日型服務 1日\nWS907 : 國際漫遊上網計日型服務 3日\nWS908 : 國際漫遊上網計日型服務 5日', 'Unnamed: 5': '漫遊加價購申裝'}, {'No': '5', 'params': '{\n  "token":"DEV",\n  "os":"ios",\n  "ver":"9.13.3",\n  "type":"RP0046",\n  "svc_item":"ANLMN",\n  "action":"A"\n}', 'Expected Result': '{"cs_app":{"uid":"82800","subscrid":"14796488","reminder":["加價購效期與主方案同步： (1)主方案預設效期不因加購延長；(2)預設效期內總購買量用完，若為量到斷線方案，將提前結束效期；若為量到降速方案或三合一、共享型方案將降速至64kbps"],"api_type":"RP0046","ret_code":"0"}}', 'Note': 'ios_ANLMN申裝', 'Unnamed: 4': '已申請服務項目 \nANLMN : 國際漫遊數據服務\nWS906 : 國際漫遊上網計日型服務 1日\nWS907 : 國際漫遊上網計日型服務 3日\nWS908 : 國際漫遊上網計日型服務 5日', 'Unnamed: 5': '漫遊加價購申裝'}, {'No': '6', 'params': '{\n  "token":"DEV",\n  "os":"ios",\n  "ver":"9.13.3",\n  "type":"RP0046",\n  "svc_item":"ANLMN",\n  "action":"A"\n}', 'Expected Result': '{"cs_app":{"uid":"82800","subscrid":"14796488","api_type":"RP0046","errMsg":"com.twm.cs.domain.exception.JDBCAPIException: errApi:WT33/errMsg:用戶已有此服務或申請累積次數超過上限！}]","ret_code":"9","errMsgDesc":"加購失敗：請確認您已生效漫遊上網方案；若有疑問，請洽188客服中心，海外請撥漫遊免費客服電話+886935120520"}}', 'Note': 'ios_ANLMN再申裝', 'Unnamed: 4': '已申請服務項目 \nANLMN : 國際漫遊數據服務\nWS906 : 國際漫遊上網計日型服務 1日\nWS907 : 國際漫遊上網計日型服務 3日\nWS908 : 國際漫遊上網計日型服務 5日', 'Unnamed: 5': '漫遊加價購申裝'}, {'No': '7', 'params': '{\n  "token":"DEV",\n  "os":"ios",\n  "ver":"9.13.3",\n  "type":"RP0046",\n  "svc_item":"ANLMN",\n  "action":"D"\n}', 'Expected Result': '{"cs_app":{"uid":"82800","subscrid":"14796488","reminder":["加價購效期與主方案同步： (1)主方案預設效期不因加購延長；(2)預設效期內總購買量用完，若為量到斷線方案，將提前結束效期；若為量到降速方案或三合一、共享型方案將降速至64kbps"],"api_type":"RP0046","ret_code":"0"}}', 'Note': 'ios_ANLMN取消', 'Unnamed: 4': '已申請服務項目 \nANLMN : 國際漫遊數據服務\nWS906 : 國際漫遊上網計日型服務 1日\nWS907 : 國際漫遊上網計日型服務 3日\nWS908 : 國際漫遊上網計日型服務 5日', 'Unnamed: 5': '漫遊加價購申裝'}, {'No': '8', 'params': '{\n  "token":"DEV",\n  "os":"ios",\n  "ver":"9.13.3",\n  "type":"RP0046",\n  "svc_item":"ANLMN",\n  "action":"D"\n}', 'Expected Result': '{"cs_app":{"uid":"82800","subscrid":"14796488","api_type":"RP0046","errMsg":"com.twm.cs.domain.exception.JDBCAPIException: errApi:WT33/errMsg:用戶沒有此服務存在，無法進行取消！}]","ret_code":"9","errMsgDesc":"加購失敗：請確認您已生效漫遊上網方案；若有疑問，請洽188客服中心，海外請撥漫遊免費客服電話+886935120520"}}', 'Note': 'ios_ANLMN再取消', 'Unnamed: 4': '已申請服務項目 \nANLMN : 國際漫遊數據服務\nWS906 : 國際漫遊上網計日型服務 1日\nWS907 : 國際漫遊上網計日型服務 3日\nWS908 : 國際漫遊上網計日型服務 5日', 'Unnamed: 5': '漫遊加價購申裝'}, {'No': '9', 'params': '{\n  "token":"DEV",\n  "os":"ios",\n  "ver":"9.13.3",\n  "type":"RP0046",\n  "svc_item":"WS906",\n  "action":"A"\n}', 'Expected Result': '{"cs_app":{"uid":"82800","subscrid":"14796488","api_type":"RP0046","errMsg":"com.twm.cs.domain.exception.JDBCAPIException: errApi:WT33/errMsg:此項服務必須有3GCAS_行動上網或BBNET_BlackBerry或3DVPA_企業MDVPN II(vpn2,internet,mms)之服務項目,方可申請!!}]","ret_code":"9","errMsgDesc":"加購失敗：請確認您已生效漫遊上網方案；若有疑問，請洽188客服中心，海外請撥漫遊免費客服電話+886935120520"}}', 'Note': 'android_WS906申裝', 'Unnamed: 4': '已申請服務項目 \nANLMN : 國際漫遊數據服務\nWS906 : 國際漫遊上網計日型服務 1日\nWS907 : 國際漫遊上網計日型服務 3日\nWS908 : 國際漫遊上網計日型服務 5日', 'Unnamed: 5': '漫遊加價購申裝'}, {'No': '10', 'params': '{\n  "token":"DEV",\n  "os":"ios",\n  "ver":"9.13.3",\n  "type":"RP0046",\n  "svc_item":"WS906",\n  "action":"D"\n}', 'Expected Result': '{"cs_app":{"uid":"82800","subscrid":"14796488","api_type":"RP0046","errMsg":"com.twm.cs.domain.exception.JDBCAPIException: errApi:WT33/errMsg:用戶沒有此服務存在，無法進行取消！}]","ret_code":"9","errMsgDesc":"加購失敗：請確認您已生效漫遊上網方案；若有疑問，請洽188客服中心，海外請撥漫遊免費客服電話+886935120520"}}', 'Note': 'android_WS906取消', 'Unnamed: 4': '已申請服務項目 \nANLMN : 國際漫遊數據服務\nWS906 : 國際漫遊上網計日型服務 1日\nWS907 : 國際漫遊上網計日型服務 3日\nWS908 : 國際漫遊上網計日型服務 5日', 'Unnamed: 5': '漫遊加價購申裝'}, {'No': '11', 'params': '{\n  "token":"DEV",\n  "os":"ios",\n  "ver":"9.13.3",\n  "type":"RP0046",\n  "svc_item":"WS906",\n  "action":"A"\n}', 'Expected Result': '{"cs_app":{"uid":"82800","subscrid":"14796488","api_type":"RP0046","errMsg":"com.twm.cs.domain.exception.JDBCAPIException: errApi:WT33/errMsg:此項服務必須有3GCAS_行動上網或BBNET_BlackBerry或3DVPA_企業MDVPN II(vpn2,internet,mms)之服務項目,方可申請!!}]","ret_code":"9","errMsgDesc":"加購失敗：請確認您已生效漫遊上網方案；若有疑問，請洽188客服中心，海外請撥漫遊免費客服電話+886935120520"}}', 'Note': 'ios_WS906申裝', 'Unnamed: 4': '已申請服務項目 \nANLMN : 國際漫遊數據服務\nWS906 : 國際漫遊上網計日型服務 1日\nWS907 : 國際漫遊上網計日型服務 3日\nWS908 : 國際漫遊上網計日型服務 5日', 'Unnamed: 5': '漫遊加價購申裝'}, {'No': '12', 'params': '{\n  "token":"DEV",\n  "os":"ios",\n  "ver":"9.13.3",\n  "type":"RP0046",\n  "svc_item":"WS906",\n  "action":"D"\n}', 'Expected Result': '{"cs_app":{"uid":"82800","subscrid":"14796488","api_type":"RP0046","errMsg":"com.twm.cs.domain.exception.JDBCAPIException: errApi:WT33/errMsg:用戶沒有此服務存在，無法進行取消！}]","ret_code":"9","errMsgDesc":"加購失敗：請確認您已生效漫遊上網方案；若有疑問，請洽188客服中心，海外請撥漫遊免費客服電話+886935120520"}}', 'Note': 'ios_WS906取消', 'Unnamed: 4': '已申請服務項目 \nANLMN : 國際漫遊數據服務\nWS906 : 國際漫遊上網計日型服務 1日\nWS907 : 國際漫遊上網計日型服務 3日\nWS908 : 國際漫遊上網計日型服務 5日', 'Unnamed: 5': '漫遊加價購申裝'}, {'No': '13', 'params': '{\n  "token":"DEV",\n  "os":"android",\n  "ver":"9.13.3",\n  "type":"RP0046",\n  "svc_item":"WS907",\n  "action":"A"\n}', 'Expected Result': '{"cs_app":{"uid":"82800","subscrid":"14796488","api_type":"RP0046","errMsg":"com.twm.cs.domain.exception.JDBCAPIException: errApi:WT33/errMsg:此項服務必須有3GCAS_行動上網或BBNET_BlackBerry或3DVPA_企業MDVPN II(vpn2,internet,mms)之服務項目,方可申請!!}]","ret_code":"9","errMsgDesc":"加購失敗：請確認您已生效漫遊上網方案；若有疑問，請洽188客服中心，海外請撥漫遊免費客服電話+886935120520"}}', 'Note': 'android_WS907申裝', 'Unnamed: 4': '已申請服務項目 \nANLMN : 國際漫遊數據服務\nWS906 : 國際漫遊上網計日型服務 1日\nWS907 : 國際漫遊上網計日型服務 3日\nWS908 : 國際漫遊上網計日型服務 5日', 'Unnamed: 5': '漫遊加價購申裝'}, {'No': '14', 'params': '{\n  "token":"DEV",\n  "os":"android",\n  "ver":"9.13.3",\n  "type":"RP0046",\n  "svc_item":"WS907",\n  "action":"D"\n}', 'Expected Result': '{"cs_app":{"uid":"82800","subscrid":"14796488","api_type":"RP0046","errMsg":"com.twm.cs.domain.exception.JDBCAPIException: errApi:WT33/errMsg:用戶沒有此服務存在，無法進行取消！}]","ret_code":"9","errMsgDesc":"加購失敗：請確認您已生效漫遊上網方案；若有疑問，請洽188客服中心，海外請撥漫遊免費客服電話+886935120520"}}', 'Note': 'android_WS907取消', 'Unnamed: 4': '已申請服務項目 \nANLMN : 國際漫遊數據服務\nWS906 : 國際漫遊上網計日型服務 1日\nWS907 : 國際漫遊上網計日型服務 3日\nWS908 : 國際漫遊上網計日型服務 5日', 'Unnamed: 5': '漫遊加價購申裝'}, {'No': '15', 'params': '{\n  "token":"DEV",\n  "os":"ios",\n  "ver":"9.13.3",\n  "type":"RP0046",\n  "svc_item":"WS907",\n  "action":"A"\n}', 'Expected Result': '{"cs_app":{"uid":"82800","subscrid":"14796488","api_type":"RP0046","errMsg":"com.twm.cs.domain.exception.JDBCAPIException: errApi:WT33/errMsg:此項服務必須有3GCAS_行動上網或BBNET_BlackBerry或3DVPA_企業MDVPN II(vpn2,internet,mms)之服務項目,方可申請!!}]","ret_code":"9","errMsgDesc":"加購失敗：請確認您已生效漫遊上網方案；若有疑問，請洽188客服中心，海外請撥漫遊免費客服電話+886935120520"}}', 'Note': 'ios_WS907申裝', 'Unnamed: 4': '已申請服務項目 \nANLMN : 國際漫遊數據服務\nWS906 : 國際漫遊上網計日型服務 1日\nWS907 : 國際漫遊上網計日型服務 3日\nWS908 : 國際漫遊上網計日型服務 5日', 'Unnamed: 5': '漫遊加價購申裝'}, {'No': '16', 'params': '{\n  "token":"DEV",\n  "os":"ios",\n  "ver":"9.13.3",\n  "type":"RP0046",\n  "svc_item":"WS907",\n  "action":"D"\n}', 'Expected Result': '{"cs_app":{"uid":"82800","subscrid":"14796488","api_type":"RP0046","errMsg":"com.twm.cs.domain.exception.JDBCAPIException: errApi:WT33/errMsg:用戶沒有此服務存在，無法進行取消！}]","ret_code":"9","errMsgDesc":"加購失敗：請確認您已生效漫遊上網方案；若有疑問，請洽188客服中心，海外請撥漫遊免費客服電話+886935120520"}}', 'Note': 'ios_WS907取消', 'Unnamed: 4': '已申請服務項目 \nANLMN : 國際漫遊數據服務\nWS906 : 國際漫遊上網計日型服務 1日\nWS907 : 國際漫遊上網計日型服務 3日\nWS908 : 國際漫遊上網計日型服務 5日', 'Unnamed: 5': '漫遊加價購申裝'}, {'No': '17', 'params': '{\n  "token":"DEV",\n  "os":"android",\n  "ver":"9.13.3",\n  "type":"RP0046",\n  "svc_item":"WS908",\n  "action":"A"\n}', 'Expected Result': '{"cs_app":{"uid":"82800","subscrid":"14796488","api_type":"RP0046","errMsg":"com.twm.cs.domain.exception.JDBCAPIException: errApi:WT33/errMsg:此項服務必須有3GCAS_行動上網或BBNET_BlackBerry或3DVPA_企業MDVPN II(vpn2,internet,mms)之服務項目,方可申請!!}]","ret_code":"9","errMsgDesc":"加購失敗：請確認您已生效漫遊上網方案；若有疑問，請洽188客服中心，海外請撥漫遊免費客服電話+886935120520"}}', 'Note': 'android_WS908申裝', 'Unnamed: 4': '已申請服務項目 \nANLMN : 國際漫遊數據服務\nWS906 : 國際漫遊上網計日型服務 1日\nWS907 : 國際漫遊上網計日型服務 3日\nWS908 : 國際漫遊上網計日型服務 5日', 'Unnamed: 5': '漫遊加價購申裝'}, {'No': '18', 'params': '{\n  "token":"DEV",\n  "os":"android",\n  "ver":"9.13.3",\n  "type":"RP0046",\n  "svc_item":"WS908",\n  "action":"D"\n}', 'Expected Result': '{"cs_app":{"uid":"82800","subscrid":"14796488","api_type":"RP0046","errMsg":"com.twm.cs.domain.exception.JDBCAPIException: errApi:WT33/errMsg:用戶沒有此服務存在，無法進行取消！}]","ret_code":"9","errMsgDesc":"加購失敗：請確認您已生效漫遊上網方案；若有疑問，請洽188客服中心，海外請撥漫遊免費客服電話+886935120520"}}', 'Note': 'android_WS908取消', 'Unnamed: 4': '已申請服務項目 \nANLMN : 國際漫遊數據服務\nWS906 : 國際漫遊上網計日型服務 1日\nWS907 : 國際漫遊上網計日型服務 3日\nWS908 : 國際漫遊上網計日型服務 5日', 'Unnamed: 5': '漫遊加價購申裝'}, {'No': '19', 'params': '{\n  "token":"DEV",\n  "os":"ios",\n  "ver":"9.13.3",\n  "type":"RP0046",\n  "svc_item":"WS908",\n  "action":"A"\n}', 'Expected Result': '{"cs_app":{"uid":"82800","subscrid":"14796488","api_type":"RP0046","errMsg":"com.twm.cs.domain.exception.JDBCAPIException: errApi:WT33/errMsg:此項服務必須有3GCAS_行動上網或BBNET_BlackBerry或3DVPA_企業MDVPN II(vpn2,internet,mms)之服務項目,方可申請!!}]","ret_code":"9","errMsgDesc":"加購失敗：請確認您已生效漫遊上網方案；若有疑問，請洽188客服中心，海外請撥漫遊免費客服電話+886935120520"}}', 'Note': 'ios_WS908申裝', 'Unnamed: 4': '已申請服務項目 \nANLMN : 國際漫遊數據服務\nWS906 : 國際漫遊上網計日型服務 1日\nWS907 : 國際漫遊上網計日型服務 3日\nWS908 : 國際漫遊上網計日型服務 5日', 'Unnamed: 5': '漫遊加價購申裝'}, {'No': '20', 'params': '{\n  "token":"DEV",\n  "os":"ios",\n  "ver":"9.13.3",\n  "type":"RP0046",\n  "svc_item":"WS908",\n  "action":"D"\n}', 'Expected Result': '{"cs_app":{"uid":"82800","subscrid":"14796488","api_type":"RP0046","errMsg":"com.twm.cs.domain.exception.JDBCAPIException: errApi:WT33/errMsg:用戶沒有此服務存在，無法進行取消！}]","ret_code":"9","errMsgDesc":"加購失敗：請確認您已生效漫遊上網方案；若有疑問，請洽188客服中心，海外請撥漫遊免費客服電話+886935120520"}}', 'Note': 'ios_WS908取消', 'Unnamed: 4': '已申請服務項目 \nANLMN : 國際漫遊數據服務\nWS906 : 國際漫遊上網計日型服務 1日\nWS907 : 國際漫遊上網計日型服務 3日\nWS908 : 國際漫遊上網計日型服務 5日', 'Unnamed: 5': '漫遊加價購申裝'}, {'No': '21', 'params': '{\n  "token":"DEV",\n  "os":"android",\n  "ver":"9.13.3",\n  "type":"RP0046",\n  "svc_item":"",\n  "action":"A"\n}', 'Expected Result': '{"cs_app":{"uid":"82800","subscrid":"14796488","api_type":"RP0046","errMsg":"com.twm.cs.domain.exception.JDBCAPIException: errApi:CW_PG_CHNG_WO_BOOK_QRY.PC_GET_WO_SVC_ITEM/errMsg:參數檢查:月租型服務代碼不可傳入空值","ret_code":"9","errMsgDesc":"加購失敗：請確認您已生效漫遊上網方案；若有疑問，請洽188客服中心，海外請撥漫遊免費客服電話+886935120520"}}', 'Note': 'android_申裝帶空值', 'Unnamed: 4': '已申請服務項目 \nANLMN : 國際漫遊數據服務\nWS906 : 國際漫遊上網計日型服務 1日\nWS907 : 國際漫遊上網計日型服務 3日\nWS908 : 國際漫遊上網計日型服務 5日', 'Unnamed: 5': '漫遊加價購申裝'}, {'No': '22', 'params': '{\n  "token":"DEV",\n  "os":"android",\n  "ver":"9.13.3",\n  "type":"RP0046",\n  "svc_item":"",\n  "action":"D"\n}', 'Expected Result': '{"cs_app":{"uid":"82800","subscrid":"14796488","api_type":"RP0046","errMsg":"com.twm.cs.domain.exception.JDBCAPIException: errApi:CW_PG_CHNG_WO_BOOK_QRY.PC_GET_WO_SVC_ITEM/errMsg:參數檢查:月租型服務代碼不可傳入空值","ret_code":"9","errMsgDesc":"加購失敗：請確認您已生效漫遊上網方案；若有疑問，請洽188客服中心，海外請撥漫遊免費客服電話+886935120520"}}', 'Note': 'android_取消帶空值', 'Unnamed: 4': '已申請服務項目 \nANLMN : 國際漫遊數據服務\nWS906 : 國際漫遊上網計日型服務 1日\nWS907 : 國際漫遊上網計日型服務 3日\nWS908 : 國際漫遊上網計日型服務 5日', 'Unnamed: 5': '漫遊加價購申裝'}, {'No': '23', 'params': '{\n  "token":"DEV",\n  "os":"ios",\n  "ver":"9.13.3",\n  "type":"RP0046",\n  "svc_item":"",\n  "action":"A"\n}', 'Expected Result': '{"cs_app":{"uid":"82800","subscrid":"14796488","api_type":"RP0046","errMsg":"com.twm.cs.domain.exception.JDBCAPIException: errApi:CW_PG_CHNG_WO_BOOK_QRY.PC_GET_WO_SVC_ITEM/errMsg:參數檢查:月租型服務代碼不可傳入空值","ret_code":"9","errMsgDesc":"加購失敗：請確認您已生效漫遊上網方案；若有疑問，請洽188客服中心，海外請撥漫遊免費客服電話+886935120520"}}', 'Note': 'ios_申裝帶空值', 'Unnamed: 4': '已申請服務項目 \nANLMN : 國際漫遊數據服務\nWS906 : 國際漫遊上網計日型服務 1日\nWS907 : 國際漫遊上網計日型服務 3日\nWS908 : 國際漫遊上網計日型服務 5日', 'Unnamed: 5': '漫遊加價購申裝'}, {'No': '24', 'params': '{\n  "token":"DEV",\n  "os":"ios",\n  "ver":"9.13.3",\n  "type":"RP0046",\n  "svc_item":"",\n  "action":"D"\n}', 'Expected Result': '{"cs_app":{"uid":"82800","subscrid":"14796488","api_type":"RP0046","errMsg":"com.twm.cs.domain.exception.JDBCAPIException: errApi:CW_PG_CHNG_WO_BOOK_QRY.PC_GET_WO_SVC_ITEM/errMsg:參數檢查:月租型服務代碼不可傳入空值","ret_code":"9","errMsgDesc":"加購失敗：請確認您已生效漫遊上網方案；若有疑問，請洽188客服中心，海外請撥漫遊免費客服電話+886935120520"}}', 'Note': 'ios_取消帶空值', 'Unnamed: 4': '已申請服務項目 \nANLMN : 國際漫遊數據服務\nWS906 : 國際漫遊上網計日型服務 1日\nWS907 : 國際漫遊上網計日型服務 3日\nWS908 : 國際漫遊上網計日型服務 5日', 'Unnamed: 5': '漫遊加價購申裝'}] (get_data_from_excel.py:13)
17:32:02 [    INFO] Sending API request with parameters:
{
  "token":"DEV",
  "os":"android",
  "ver":"9.13.3",
  "type":"CI0033"
}
 (test_CustomerInfoAPIs.py:30)
17:32:02 [    INFO] Request method: get (api_utils.py:14)
17:32:02 [    INFO] Request URL: http://csappstage.catch.net.tw/cs/API/CustomerInfo (api_utils.py:15)
17:32:02 [    INFO] Request headers: {'User-Agent': 'python-requests/2.32.3', 'Accept-Encoding': 'gzip, deflate', 'Accept': '*/*', 'Connection': 'keep-alive'} (api_utils.py:17)
17:32:02 [    INFO] Request Json body: null (api_utils.py:20)
17:32:02 [    INFO] Response headers: {'X-Frame-Options': 'SAMEORIGIN', 'X-XSS-Protection': '1; mode=block', 'Cache-Control': 'no-cache, no-store, must-revalidate', 'Pragma': 'no-cache', 'X-Content-Type-Options': 'nosniff', 'Content-Type': 'text/html;charset=UTF-8', 'Date': 'Fri, 06 Dec 2024 09:32:02 GMT', 'Server': '', 'Content-Length': '293', 'Age': '0', 'Connection': 'keep-alive', 'Via': '1.1 TWM-WCG-SVR9'} (api_utils.py:23)
17:32:02 [    INFO] Response code: 200 (api_utils.py:24)
17:32:02 [    INFO] Response: {
    "cs_app": {
        "api_type": "CI0033",
        "gprs": {},
        "phone_nbr": "09278***88      ",
        "primary": {
            "charge_code": "5AB",
            "charge_description": "5G 999型",
            "charge_fee": 999,
            "msisdn": "09278***88      ",
            "package_code": "SD-AB1",
            "short_desc": "999型"
        },
        "ret_code": "0",
        "subscrid": "14796488",
        "type": "P5G",
        "uid": "82800"
    }
} (api_utils.py:28)
17:32:02 [    INFO] Generated URL: http://csappstage.catch.net.tw/cs/API/CustomerInfo (CustomerInfoAPIs.py:14)
17:32:02 [   ERROR] [資料比對失敗:],
 expected: "\"{\\\"cs_app\\\":{\\\"uid\\\":\\\"82800\\\",\\\"phone_nbr\\\":\\\"09278***88      \\\",\\\"subscrid\\\":\\\"14796488\\\",\\\"api_type\\\":\\\"CI0033\\\",\\\"gprs\\\":{},\\\"type\\\":\\\"P5G\\\",\\\"ret_code\\\":\\\"0\\\",\\\"primary\\\":{\\\"charge_fee\\\":1199,\\\"package_code\\\":\\\"SD-AC1\\\",\\\"charge_code\\\":\\\"5AC\\\",\\\"charge_description\\\":\\\"5G 1199\\u578b\\\",\\\"short_desc\\\":\\\"1199\\u578b\\\",\\\"msisdn\\\":\\\"09278***88      \\\"}}}\"", 
 but actual: "\"{\\\"cs_app\\\":{\\\"uid\\\":\\\"82800\\\",\\\"phone_nbr\\\":\\\"09278***88      \\\",\\\"subscrid\\\":\\\"14796488\\\",\\\"api_type\\\":\\\"CI0033\\\",\\\"gprs\\\":{},\\\"type\\\":\\\"P5G\\\",\\\"ret_code\\\":\\\"0\\\",\\\"primary\\\":{\\\"charge_fee\\\":999,\\\"package_code\\\":\\\"SD-AB1\\\",\\\"charge_code\\\":\\\"5AB\\\",\\\"charge_description\\\":\\\"5G 999\\u578b\\\",\\\"short_desc\\\":\\\"999\\u578b\\\",\\\"msisdn\\\":\\\"09278***88      \\\"}}}\"" (test_CustomerInfoAPIs.py:50)
17:32:02 [   ERROR] error：[資料比對失敗], expected: "{\"cs_app\":{\"uid\":\"82800\",\"phone_nbr\":\"09278***88      \",\"subscrid\":\"14796488\",\"api_type\":\"CI0033\",\"gprs\":{},\"type\":\"P5G\",\"ret_code\":\"0\",\"primary\":{\"charge_fee\":1199,\"package_code\":\"SD-AC1\",\"charge_code\":\"5AC\",\"charge_description\":\"5G 1199\u578b\",\"short_desc\":\"1199\u578b\",\"msisdn\":\"09278***88      \"}}}", but actual: "{\"cs_app\":{\"uid\":\"82800\",\"phone_nbr\":\"09278***88      \",\"subscrid\":\"14796488\",\"api_type\":\"CI0033\",\"gprs\":{},\"type\":\"P5G\",\"ret_code\":\"0\",\"primary\":{\"charge_fee\":999,\"package_code\":\"SD-AB1\",\"charge_code\":\"5AB\",\"charge_description\":\"5G 999\u578b\",\"short_desc\":\"999\u578b\",\"msisdn\":\"09278***88      \"}}}" (test_CustomerInfoAPIs.py:57)
Traceback (most recent call last):
  File "D:\My Documents\Desktop\CSAPP_5api\test_APIs\test_CustomerInfoAPIs.py", line 51, in test_CustomerInfoAPIs
    assert ObjectUtils.equal_str("資料比對失敗", excel_data , response_data)
  File "D:\My Documents\Desktop\CSAPP_5api\utils\object_utils.py", line 4, in equal_str
    assert str(exp_value) == str(act_value), f"[{key}], expected: {exp_value}, but actual: {act_value}"
           ^^^^^^^^^^^^^^^^^^^^^^^^^^^^^^^^
AssertionError: [資料比對失敗], expected: "{\"cs_app\":{\"uid\":\"82800\",\"phone_nbr\":\"09278***88      \",\"subscrid\":\"14796488\",\"api_type\":\"CI0033\",\"gprs\":{},\"type\":\"P5G\",\"ret_code\":\"0\",\"primary\":{\"charge_fee\":1199,\"package_code\":\"SD-AC1\",\"charge_code\":\"5AC\",\"charge_description\":\"5G 1199\u578b\",\"short_desc\":\"1199\u578b\",\"msisdn\":\"09278***88      \"}}}", but actual: "{\"cs_app\":{\"uid\":\"82800\",\"phone_nbr\":\"09278***88      \",\"subscrid\":\"14796488\",\"api_type\":\"CI0033\",\"gprs\":{},\"type\":\"P5G\",\"ret_code\":\"0\",\"primary\":{\"charge_fee\":999,\"package_code\":\"SD-AB1\",\"charge_code\":\"5AB\",\"charge_description\":\"5G 999\u578b\",\"short_desc\":\"999\u578b\",\"msisdn\":\"09278***88      \"}}}"
17:32:02 [    INFO] Test 1 END 
================================================================================================================================ (test_CustomerInfoAPIs.py:62)
17:32:02 [    INFO] Sending API request with parameters:
{
  "token":"DEV",
  "os":"android",
  "ver":"9.13.3",
  "type":"CI0033"
}
 (test_CustomerInfoAPIs.py:30)
17:32:02 [    INFO] Request method: get (api_utils.py:14)
17:32:02 [    INFO] Request URL: http://csappstage.catch.net.tw/cs/API/CustomerInfo (api_utils.py:15)
17:32:02 [    INFO] Request headers: {'User-Agent': 'python-requests/2.32.3', 'Accept-Encoding': 'gzip, deflate', 'Accept': '*/*', 'Connection': 'keep-alive'} (api_utils.py:17)
17:32:02 [    INFO] Request Json body: null (api_utils.py:20)
17:32:03 [    INFO] Response headers: {'X-Frame-Options': 'SAMEORIGIN', 'X-XSS-Protection': '1; mode=block', 'Cache-Control': 'no-cache, no-store, must-revalidate', 'Pragma': 'no-cache', 'X-Content-Type-Options': 'nosniff', 'Content-Type': 'text/html;charset=UTF-8', 'Date': 'Fri, 06 Dec 2024 09:32:02 GMT', 'Server': '', 'Content-Length': '293', 'Age': '1', 'Connection': 'keep-alive', 'Via': '1.1 TWM-WCG-SVR9'} (api_utils.py:23)
17:32:03 [    INFO] Response code: 200 (api_utils.py:24)
17:32:03 [    INFO] Response: {
    "cs_app": {
        "api_type": "CI0033",
        "gprs": {},
        "phone_nbr": "09278***88      ",
        "primary": {
            "charge_code": "5AB",
            "charge_description": "5G 999型",
            "charge_fee": 999,
            "msisdn": "09278***88      ",
            "package_code": "SD-AB1",
            "short_desc": "999型"
        },
        "ret_code": "0",
        "subscrid": "14796488",
        "type": "P5G",
        "uid": "82800"
    }
} (api_utils.py:28)
17:32:03 [    INFO] Generated URL: http://csappstage.catch.net.tw/cs/API/CustomerInfo (CustomerInfoAPIs.py:14)
17:32:03 [    INFO] Test 2 END 
================================================================================================================================ (test_CustomerInfoAPIs.py:62)
17:32:03 [    INFO] Sending API request with parameters:
{
  "token":"DEV",
  "os":"ios",
  "ver":"9.13.3",
  "type":"CI0033"
}
 (test_CustomerInfoAPIs.py:30)
17:32:03 [    INFO] Request method: get (api_utils.py:14)
17:32:03 [    INFO] Request URL: http://csappstage.catch.net.tw/cs/API/CustomerInfo (api_utils.py:15)
17:32:03 [    INFO] Request headers: {'User-Agent': 'python-requests/2.32.3', 'Accept-Encoding': 'gzip, deflate', 'Accept': '*/*', 'Connection': 'keep-alive'} (api_utils.py:17)
17:32:03 [    INFO] Request Json body: null (api_utils.py:20)
17:32:03 [    INFO] Response headers: {'X-Frame-Options': 'SAMEORIGIN', 'X-XSS-Protection': '1; mode=block', 'Cache-Control': 'no-cache, no-store, must-revalidate', 'Pragma': 'no-cache', 'X-Content-Type-Options': 'nosniff', 'Content-Type': 'text/html;charset=UTF-8', 'Date': 'Fri, 06 Dec 2024 09:32:02 GMT', 'Server': '', 'Content-Length': '293', 'Age': '1', 'Connection': 'keep-alive', 'Via': '1.1 TWM-WCG-SVR9'} (api_utils.py:23)
17:32:03 [    INFO] Response code: 200 (api_utils.py:24)
17:32:03 [    INFO] Response: {
    "cs_app": {
        "api_type": "CI0033",
        "gprs": {},
        "phone_nbr": "09278***88      ",
        "primary": {
            "charge_code": "5AB",
            "charge_description": "5G 999型",
            "charge_fee": 999,
            "msisdn": "09278***88      ",
            "package_code": "SD-AB1",
            "short_desc": "999型"
        },
        "ret_code": "0",
        "subscrid": "14796488",
        "type": "P5G",
        "uid": "82800"
    }
} (api_utils.py:28)
17:32:03 [    INFO] Generated URL: http://csappstage.catch.net.tw/cs/API/CustomerInfo (CustomerInfoAPIs.py:14)
17:32:03 [    INFO] Test 3 END 
================================================================================================================================ (test_CustomerInfoAPIs.py:62)
17:32:03 [    INFO] Sending API request with parameters:
{
  "token":"DEV",
  "os":"ios",
  "ver":"9.13.3",
  "type":"CI0033"
}
 (test_CustomerInfoAPIs.py:30)
17:32:03 [    INFO] Request method: get (api_utils.py:14)
17:32:03 [    INFO] Request URL: http://csappstage.catch.net.tw/cs/API/CustomerInfo (api_utils.py:15)
17:32:03 [    INFO] Request headers: {'User-Agent': 'python-requests/2.32.3', 'Accept-Encoding': 'gzip, deflate', 'Accept': '*/*', 'Connection': 'keep-alive'} (api_utils.py:17)
17:32:03 [    INFO] Request Json body: null (api_utils.py:20)
17:32:03 [    INFO] Response headers: {'X-Frame-Options': 'SAMEORIGIN', 'X-XSS-Protection': '1; mode=block', 'Cache-Control': 'no-cache, no-store, must-revalidate', 'Pragma': 'no-cache', 'X-Content-Type-Options': 'nosniff', 'Content-Type': 'text/html;charset=UTF-8', 'Date': 'Fri, 06 Dec 2024 09:32:02 GMT', 'Server': '', 'Content-Length': '293', 'Age': '1', 'Connection': 'keep-alive', 'Via': '1.1 TWM-WCG-SVR9'} (api_utils.py:23)
17:32:03 [    INFO] Response code: 200 (api_utils.py:24)
17:32:03 [    INFO] Response: {
    "cs_app": {
        "api_type": "CI0033",
        "gprs": {},
        "phone_nbr": "09278***88      ",
        "primary": {
            "charge_code": "5AB",
            "charge_description": "5G 999型",
            "charge_fee": 999,
            "msisdn": "09278***88      ",
            "package_code": "SD-AB1",
            "short_desc": "999型"
        },
        "ret_code": "0",
        "subscrid": "14796488",
        "type": "P5G",
        "uid": "82800"
    }
} (api_utils.py:28)
17:32:03 [    INFO] Generated URL: http://csappstage.catch.net.tw/cs/API/CustomerInfo (CustomerInfoAPIs.py:14)
17:32:03 [   ERROR] [資料比對失敗:],
 expected: "\"{\\\"cs_app\\\":{\\\"uid\\\":\\\"82800\\\",\\\"phone_nbr\\\":\\\"09278***88      \\\",\\\"subscrid\\\":\\\"14796488\\\",\\\"api_type\\\":\\\"CI0033\\\",\\\"gprs\\\":{},\\\"type\\\":\\\"P5G\\\",\\\"ret_code\\\":\\\"0\\\",\\\"primary\\\":{\\\"charge_fee\\\":1199,\\\"package_code\\\":\\\"SD-AC1\\\",\\\"charge_code\\\":\\\"5AC\\\",\\\"charge_description\\\":\\\"5G 1199\\u578b\\\",\\\"short_desc\\\":\\\"1199\\u578b\\\",\\\"msisdn\\\":\\\"09278***88      \\\"}}}\"", 
 but actual: "\"{\\\"cs_app\\\":{\\\"uid\\\":\\\"82800\\\",\\\"phone_nbr\\\":\\\"09278***88      \\\",\\\"subscrid\\\":\\\"14796488\\\",\\\"api_type\\\":\\\"CI0033\\\",\\\"gprs\\\":{},\\\"type\\\":\\\"P5G\\\",\\\"ret_code\\\":\\\"0\\\",\\\"primary\\\":{\\\"charge_fee\\\":999,\\\"package_code\\\":\\\"SD-AB1\\\",\\\"charge_code\\\":\\\"5AB\\\",\\\"charge_description\\\":\\\"5G 999\\u578b\\\",\\\"short_desc\\\":\\\"999\\u578b\\\",\\\"msisdn\\\":\\\"09278***88      \\\"}}}\"" (test_CustomerInfoAPIs.py:50)
17:32:03 [   ERROR] error：[資料比對失敗], expected: "{\"cs_app\":{\"uid\":\"82800\",\"phone_nbr\":\"09278***88      \",\"subscrid\":\"14796488\",\"api_type\":\"CI0033\",\"gprs\":{},\"type\":\"P5G\",\"ret_code\":\"0\",\"primary\":{\"charge_fee\":1199,\"package_code\":\"SD-AC1\",\"charge_code\":\"5AC\",\"charge_description\":\"5G 1199\u578b\",\"short_desc\":\"1199\u578b\",\"msisdn\":\"09278***88      \"}}}", but actual: "{\"cs_app\":{\"uid\":\"82800\",\"phone_nbr\":\"09278***88      \",\"subscrid\":\"14796488\",\"api_type\":\"CI0033\",\"gprs\":{},\"type\":\"P5G\",\"ret_code\":\"0\",\"primary\":{\"charge_fee\":999,\"package_code\":\"SD-AB1\",\"charge_code\":\"5AB\",\"charge_description\":\"5G 999\u578b\",\"short_desc\":\"999\u578b\",\"msisdn\":\"09278***88      \"}}}" (test_CustomerInfoAPIs.py:57)
Traceback (most recent call last):
  File "D:\My Documents\Desktop\CSAPP_5api\test_APIs\test_CustomerInfoAPIs.py", line 51, in test_CustomerInfoAPIs
    assert ObjectUtils.equal_str("資料比對失敗", excel_data , response_data)
  File "D:\My Documents\Desktop\CSAPP_5api\utils\object_utils.py", line 4, in equal_str
    assert str(exp_value) == str(act_value), f"[{key}], expected: {exp_value}, but actual: {act_value}"
           ^^^^^^^^^^^^^^^^^^^^^^^^^^^^^^^^
AssertionError: [資料比對失敗], expected: "{\"cs_app\":{\"uid\":\"82800\",\"phone_nbr\":\"09278***88      \",\"subscrid\":\"14796488\",\"api_type\":\"CI0033\",\"gprs\":{},\"type\":\"P5G\",\"ret_code\":\"0\",\"primary\":{\"charge_fee\":1199,\"package_code\":\"SD-AC1\",\"charge_code\":\"5AC\",\"charge_description\":\"5G 1199\u578b\",\"short_desc\":\"1199\u578b\",\"msisdn\":\"09278***88      \"}}}", but actual: "{\"cs_app\":{\"uid\":\"82800\",\"phone_nbr\":\"09278***88      \",\"subscrid\":\"14796488\",\"api_type\":\"CI0033\",\"gprs\":{},\"type\":\"P5G\",\"ret_code\":\"0\",\"primary\":{\"charge_fee\":999,\"package_code\":\"SD-AB1\",\"charge_code\":\"5AB\",\"charge_description\":\"5G 999\u578b\",\"short_desc\":\"999\u578b\",\"msisdn\":\"09278***88      \"}}}"
17:32:03 [    INFO] Test 4 END 
================================================================================================================================ (test_CustomerInfoAPIs.py:62)
17:32:03 [    INFO] Sending API request with parameters:
{
  "token":"DEV",
  "os":"android",
  "action":"A",
  "service_id":"1"
}
 (test_ModifyBaseServiceAPIs.py:29)
17:32:03 [    INFO] Request method: get (api_utils.py:14)
17:32:03 [    INFO] Request URL: http://csappstage.catch.net.tw/cs/API/modifyBaseService (api_utils.py:15)
17:32:03 [    INFO] Request headers: {'User-Agent': 'python-requests/2.32.3', 'Accept-Encoding': 'gzip, deflate', 'Accept': '*/*', 'Connection': 'keep-alive'} (api_utils.py:17)
17:32:03 [    INFO] Request Json body: null (api_utils.py:20)
17:32:03 [    INFO] Response headers: {'X-Frame-Options': 'SAMEORIGIN', 'X-XSS-Protection': '1; mode=block', 'Cache-Control': 'no-cache, no-store, must-revalidate', 'Pragma': 'no-cache', 'X-Content-Type-Options': 'nosniff', 'Content-Type': 'text/html;charset=UTF-8', 'Date': 'Fri, 06 Dec 2024 09:32:02 GMT', 'Server': '', 'Content-Length': '120', 'Age': '1', 'Connection': 'keep-alive', 'Via': '1.1 TWM-WCG-SVR9'} (api_utils.py:23)
17:32:03 [    INFO] Response code: 200 (api_utils.py:24)
17:32:03 [    INFO] Response: {
    "cs_app": {
        "ret_code": "0",
        "service_list": [
            {
                "service_id": "1",
                "service_status": "1"
            }
        ],
        "subscrid": "14796488",
        "uid": "82800"
    }
} (api_utils.py:28)
17:32:03 [    INFO] Generated URL: http://csappstage.catch.net.tw/cs/API/modifyBaseService (ModifyBaseServiceAPIs.py:14)
17:32:03 [    INFO] Test 1 END 
================================================================================================================================ (test_ModifyBaseServiceAPIs.py:57)
17:32:03 [    INFO] Sending API request with parameters:
{
  "token":"DEV",
  "os":"android",
  "action":"D",
  "service_id":"1"
}
 (test_ModifyBaseServiceAPIs.py:29)
17:32:03 [    INFO] Request method: get (api_utils.py:14)
17:32:03 [    INFO] Request URL: http://csappstage.catch.net.tw/cs/API/modifyBaseService (api_utils.py:15)
17:32:03 [    INFO] Request headers: {'User-Agent': 'python-requests/2.32.3', 'Accept-Encoding': 'gzip, deflate', 'Accept': '*/*', 'Connection': 'keep-alive'} (api_utils.py:17)
17:32:03 [    INFO] Request Json body: null (api_utils.py:20)
17:32:03 [    INFO] Response headers: {'X-Frame-Options': 'SAMEORIGIN', 'X-XSS-Protection': '1; mode=block', 'Cache-Control': 'no-cache, no-store, must-revalidate', 'Pragma': 'no-cache', 'X-Content-Type-Options': 'nosniff', 'Content-Type': 'text/html;charset=UTF-8', 'Date': 'Fri, 06 Dec 2024 09:32:02 GMT', 'Server': '', 'Content-Length': '120', 'Age': '1', 'Connection': 'keep-alive', 'Via': '1.1 TWM-WCG-SVR9'} (api_utils.py:23)
17:32:03 [    INFO] Response code: 200 (api_utils.py:24)
17:32:03 [    INFO] Response: {
    "cs_app": {
        "ret_code": "0",
        "service_list": [
            {
                "service_id": "1",
                "service_status": "1"
            }
        ],
        "subscrid": "14796488",
        "uid": "82800"
    }
} (api_utils.py:28)
17:32:03 [    INFO] Generated URL: http://csappstage.catch.net.tw/cs/API/modifyBaseService (ModifyBaseServiceAPIs.py:14)
17:32:03 [    INFO] Test 2 END 
================================================================================================================================ (test_ModifyBaseServiceAPIs.py:57)
17:32:03 [    INFO] Sending API request with parameters:
{
  "token":"DEV",
  "os":"ios",
  "action":"A",
  "service_id":"1"
}
 (test_ModifyBaseServiceAPIs.py:29)
17:32:03 [    INFO] Request method: get (api_utils.py:14)
17:32:03 [    INFO] Request URL: http://csappstage.catch.net.tw/cs/API/modifyBaseService (api_utils.py:15)
17:32:03 [    INFO] Request headers: {'User-Agent': 'python-requests/2.32.3', 'Accept-Encoding': 'gzip, deflate', 'Accept': '*/*', 'Connection': 'keep-alive'} (api_utils.py:17)
17:32:03 [    INFO] Request Json body: null (api_utils.py:20)
17:32:03 [    INFO] Response headers: {'X-Frame-Options': 'SAMEORIGIN', 'X-XSS-Protection': '1; mode=block', 'Cache-Control': 'no-cache, no-store, must-revalidate', 'Pragma': 'no-cache', 'X-Content-Type-Options': 'nosniff', 'Content-Type': 'text/html;charset=UTF-8', 'Date': 'Fri, 06 Dec 2024 09:32:03 GMT', 'Server': '', 'Content-Length': '120', 'Age': '0', 'Connection': 'keep-alive', 'Via': '1.1 TWM-WCG-SVR9'} (api_utils.py:23)
17:32:03 [    INFO] Response code: 200 (api_utils.py:24)
17:32:03 [    INFO] Response: {
    "cs_app": {
        "ret_code": "0",
        "service_list": [
            {
                "service_id": "1",
                "service_status": "1"
            }
        ],
        "subscrid": "14796488",
        "uid": "82800"
    }
} (api_utils.py:28)
17:32:03 [    INFO] Generated URL: http://csappstage.catch.net.tw/cs/API/modifyBaseService (ModifyBaseServiceAPIs.py:14)
17:32:03 [    INFO] Test 3 END 
================================================================================================================================ (test_ModifyBaseServiceAPIs.py:57)
17:32:03 [    INFO] Sending API request with parameters:
{
  "token":"DEV",
  "os":"ios",
  "action":"D",
  "service_id":"1"
}
 (test_ModifyBaseServiceAPIs.py:29)
17:32:03 [    INFO] Request method: get (api_utils.py:14)
17:32:03 [    INFO] Request URL: http://csappstage.catch.net.tw/cs/API/modifyBaseService (api_utils.py:15)
17:32:03 [    INFO] Request headers: {'User-Agent': 'python-requests/2.32.3', 'Accept-Encoding': 'gzip, deflate', 'Accept': '*/*', 'Connection': 'keep-alive'} (api_utils.py:17)
17:32:03 [    INFO] Request Json body: null (api_utils.py:20)
17:32:03 [    INFO] Response headers: {'X-Frame-Options': 'SAMEORIGIN', 'X-XSS-Protection': '1; mode=block', 'Cache-Control': 'no-cache, no-store, must-revalidate', 'Pragma': 'no-cache', 'X-Content-Type-Options': 'nosniff', 'Content-Type': 'text/html;charset=UTF-8', 'Date': 'Fri, 06 Dec 2024 09:32:03 GMT', 'Server': '', 'Content-Length': '120', 'Age': '2', 'Connection': 'keep-alive', 'Via': '1.1 TWM-WCG-SVR9'} (api_utils.py:23)
17:32:03 [    INFO] Response code: 200 (api_utils.py:24)
17:32:03 [    INFO] Response: {
    "cs_app": {
        "ret_code": "0",
        "service_list": [
            {
                "service_id": "1",
                "service_status": "1"
            }
        ],
        "subscrid": "14796488",
        "uid": "82800"
    }
} (api_utils.py:28)
17:32:03 [    INFO] Generated URL: http://csappstage.catch.net.tw/cs/API/modifyBaseService (ModifyBaseServiceAPIs.py:14)
17:32:03 [    INFO] Test 4 END 
================================================================================================================================ (test_ModifyBaseServiceAPIs.py:57)
17:32:03 [    INFO] Sending API request with parameters:
{
  "token":"DEV",
  "os":"android",
  "ver":"9.13.3"
}
 (test_QueryROAMWStatusAPIs.py:30)
17:32:03 [    INFO] Request method: get (api_utils.py:14)
17:32:04 [    INFO] Request URL: http://csappstage.catch.net.tw/cs/API/queryROAMWStatus (api_utils.py:15)
17:32:04 [    INFO] Request headers: {'User-Agent': 'python-requests/2.32.3', 'Accept-Encoding': 'gzip, deflate', 'Accept': '*/*', 'Connection': 'keep-alive'} (api_utils.py:17)
17:32:04 [    INFO] Request Json body: null (api_utils.py:20)
17:32:04 [    INFO] Response headers: {'X-Frame-Options': 'SAMEORIGIN', 'X-XSS-Protection': '1; mode=block', 'Cache-Control': 'no-cache, no-store, must-revalidate', 'Pragma': 'no-cache', 'X-Content-Type-Options': 'nosniff', 'Content-Type': 'text/html;charset=UTF-8', 'Date': 'Fri, 06 Dec 2024 09:32:03 GMT', 'Server': '', 'Content-Length': '76', 'Age': '1', 'Connection': 'keep-alive', 'Via': '1.1 TWM-WCG-SVR9'} (api_utils.py:23)
17:32:04 [    INFO] Response code: 200 (api_utils.py:24)
17:32:04 [    INFO] Response: {
    "cs_app": {
        "ret_code": "0",
        "status": "N",
        "subscrid": "14796488",
        "uid": "82800"
    }
} (api_utils.py:28)
17:32:04 [    INFO] Generated URL: http://csappstage.catch.net.tw/cs/API/queryROAMWStatus (QueryROAMWStatusAPIs.py:14)
17:32:04 [    INFO] Test 1 END 
================================================================================================================================ (test_QueryROAMWStatusAPIs.py:58)
17:32:04 [    INFO] Sending API request with parameters:
{
  "token":"DEV",
  "os":"ios",
  "ver":"9.13.3"
}
 (test_QueryROAMWStatusAPIs.py:30)
17:32:04 [    INFO] Request method: get (api_utils.py:14)
17:32:04 [    INFO] Request URL: http://csappstage.catch.net.tw/cs/API/queryROAMWStatus (api_utils.py:15)
17:32:04 [    INFO] Request headers: {'User-Agent': 'python-requests/2.32.3', 'Accept-Encoding': 'gzip, deflate', 'Accept': '*/*', 'Connection': 'keep-alive'} (api_utils.py:17)
17:32:04 [    INFO] Request Json body: null (api_utils.py:20)
17:32:04 [    INFO] Response headers: {'X-Frame-Options': 'SAMEORIGIN', 'X-XSS-Protection': '1; mode=block', 'Cache-Control': 'no-cache, no-store, must-revalidate', 'Pragma': 'no-cache', 'X-Content-Type-Options': 'nosniff', 'Content-Type': 'text/html;charset=UTF-8', 'Date': 'Fri, 06 Dec 2024 09:32:03 GMT', 'Server': '', 'Content-Length': '76', 'Age': '1', 'Connection': 'keep-alive', 'Via': '1.1 TWM-WCG-SVR9'} (api_utils.py:23)
17:32:04 [    INFO] Response code: 200 (api_utils.py:24)
17:32:04 [    INFO] Response: {
    "cs_app": {
        "ret_code": "0",
        "status": "N",
        "subscrid": "14796488",
        "uid": "82800"
    }
} (api_utils.py:28)
17:32:04 [    INFO] Generated URL: http://csappstage.catch.net.tw/cs/API/queryROAMWStatus (QueryROAMWStatusAPIs.py:14)
17:32:04 [    INFO] Test 2 END 
================================================================================================================================ (test_QueryROAMWStatusAPIs.py:58)
17:32:04 [    INFO] Sending API request with parameters:
{
  "token":"DEV",
  "os":"android",
  "ver":"9.13.3"
}
 (test_QueryWSC83StatusAPIs.py:30)
17:32:04 [    INFO] Request method: get (api_utils.py:14)
17:32:04 [    INFO] Request URL: http://csappstage.catch.net.tw/cs/API/queryWSC83Status (api_utils.py:15)
17:32:04 [    INFO] Request headers: {'User-Agent': 'python-requests/2.32.3', 'Accept-Encoding': 'gzip, deflate', 'Accept': '*/*', 'Connection': 'keep-alive'} (api_utils.py:17)
17:32:04 [    INFO] Request Json body: null (api_utils.py:20)
17:32:04 [    INFO] Response headers: {'X-Frame-Options': 'SAMEORIGIN', 'X-XSS-Protection': '1; mode=block', 'Cache-Control': 'no-cache, no-store, must-revalidate', 'Pragma': 'no-cache', 'X-Content-Type-Options': 'nosniff', 'Content-Type': 'text/html;charset=UTF-8', 'Date': 'Fri, 06 Dec 2024 09:32:03 GMT', 'Server': '', 'Content-Length': '2438', 'Age': '1', 'Connection': 'keep-alive', 'Via': '1.1 TWM-WCG-SVR9'} (api_utils.py:23)
17:32:04 [    INFO] Response code: 200 (api_utils.py:24)
17:32:04 [    INFO] Response: {
    "cs_app": {
        "ANLMN_status": "N",
        "desc_data": [
            {
                "cs_desc_type": "TEXT_1",
                "cs_seq": 1232803,
                "service_desc": " ",
                "service_item": "WSC83"
            },
            {
                "cs_desc_type": "TEXT_2",
                "cs_seq": 1232804,
                "service_desc": " ",
                "service_item": "WSC83"
            },
            {
                "cs_desc_type": "TEXT_3",
                "cs_seq": 1232805,
                "service_desc": " ",
                "service_item": "WSC83"
            },
            {
                "cs_desc_type": "TEXT_4",
                "cs_seq": 1232806,
                "service_desc": " ",
                "service_item": "WSC83"
            },
            {
                "cs_desc_type": "TEXT_5",
                "cs_seq": 1232807,
                "service_desc": "收費說明 :1.每日總使用量低於5MB(含)，收費49元。2.每日總使用量超過5MB以上，以每KB 0.0244元計費，當日收費上限最高399元。收費提醒 :1.日期計算基準以24小時為單位，自服務申請生效開始，連續24小時為第1日，第25-48小時為第2日，以此類推。2.當日系統未收到任何使用之傳輸量記錄，則不收取任何費用。3.本服務最長可申請連續使用天數為30天。",
                "service_item": "WSC83"
            },
            {
                "cs_desc_type": "TEXT_6",
                "cs_seq": 1232808,
                "service_desc": "貼心提醒:1.已申請國內微量上網方案且在服務效期內，將無法使用漫遊上網功能及申辦漫遊上網服務(日租型/計量型)，如有漫遊上網需求者，請洽188客服。2.本服務於開通成功、結束前、結束後，將貼心發送簡訊通知用戶。3.服務實際生效時間請以簡訊內容為主。4.提醒簡訊接收狀況需視漫遊國之漫遊網訊號情況而定。5. 服務生效時，同時開啟國際漫遊上網功能，服務結束後，主動關閉國際漫遊上網功能 。",
                "service_item": "WSC83"
            },
            {
                "cs_desc_type": "TEXT_7",
                "cs_seq": 1232809,
                "service_desc": "提醒您！ 1.服務實際生效時間，請以簡訊內容為主。 2.漫遊行動上網日租型服務生效後，請記得關機再重新開機。",
                "service_item": "WSC83"
            },
            {
                "cs_desc_type": "TEXT_8",
                "cs_seq": 1232810,
                "service_desc": "提醒您：1.服務正式啟用時間請以簡訊內容為主，起迄時間的計算，皆以台灣時間為主。2.漫遊行動上網日租型服務生效後，請記得關機再重新開機。3.服務生效時，同時開啟國際漫遊上網功能，服務結束後，主動關閉國際漫遊上網功能，已申請不主動關閉漫遊上網服務的用戶，日租型/計量型服務結束後系統不會主動關閉漫遊上網。",
                "service_item": "WSC83"
            },
            {
                "cs_desc_type": "TEXT_0",
                "cs_seq": 1232802,
                "service_desc": "漫遊上網日租型",
                "service_item": "WSC83"
            }
        ],
        "ret_code": "0",
        "status": "N"
    }
} (api_utils.py:28)
17:32:04 [    INFO] Generated URL: http://csappstage.catch.net.tw/cs/API/queryWSC83Status (QueryWSC83StatusAPIs.py:14)
17:32:04 [   ERROR] [資料比對失敗:],
 expected: "\"{\\\"cs_app\\\":{\\\"desc_data\\\":[{\\\"cs_seq\\\":1232803,\\\"service_desc\\\":\\\" \\\",\\\"cs_desc_type\\\":\\\"TEXT_1\\\",\\\"service_item\\\":\\\"WSC83\\\"},{\\\"cs_seq\\\":1232804,\\\"service_desc\\\":\\\" \\\",\\\"cs_desc_type\\\":\\\"TEXT_2\\\",\\\"service_item\\\":\\\"WSC83\\\"},{\\\"cs_seq\\\":1232805,\\\"service_desc\\\":\\\" \\\",\\\"cs_desc_type\\\":\\\"TEXT_3\\\",\\\"service_item\\\":\\\"WSC83\\\"},{\\\"cs_seq\\\":1232806,\\\"service_desc\\\":\\\" \\\",\\\"cs_desc_type\\\":\\\"TEXT_4\\\",\\\"service_item\\\":\\\"WSC83\\\"},{\\\"cs_seq\\\":1232807,\\\"service_desc\\\":\\\"\\u6536\\u8cbb\\u8aaa\\u660e :1.\\u6bcf\\u65e5\\u7e3d\\u4f7f\\u7528\\u91cf\\u4f4e\\u65bc5MB(\\u542b)\\uff0c\\u6536\\u8cbb49\\u5143\\u30022.\\u6bcf\\u65e5\\u7e3d\\u4f7f\\u7528\\u91cf\\u8d85\\u904e5MB\\u4ee5\\u4e0a\\uff0c\\u4ee5\\u6bcfKB 0.0244\\u5143\\u8a08\\u8cbb\\uff0c\\u7576\\u65e5\\u6536\\u8cbb\\u4e0a\\u9650\\u6700\\u9ad8399\\u5143\\u3002\\u6536\\u8cbb\\u63d0\\u9192 :1.\\u65e5\\u671f\\u8a08\\u7b97\\u57fa\\u6e96\\u4ee524\\u5c0f\\u6642\\u70ba\\u55ae\\u4f4d\\uff0c\\u81ea\\u670d\\u52d9\\u7533\\u8acb\\u751f\\u6548\\u958b\\u59cb\\uff0c\\u9023\\u7e8c24\\u5c0f\\u6642\\u70ba\\u7b2c1\\u65e5\\uff0c\\u7b2c25-48\\u5c0f\\u6642\\u70ba\\u7b2c2\\u65e5\\uff0c\\u4ee5\\u6b64\\u985e\\u63a8\\u30022.\\u7576\\u65e5\\u7cfb\\u7d71\\u672a\\u6536\\u5230\\u4efb\\u4f55\\u4f7f\\u7528\\u4e4b\\u50b3\\u8f38\\u91cf\\u8a18\\u9304\\uff0c\\u5247\\u4e0d\\u6536\\u53d6\\u4efb\\u4f55\\u8cbb\\u7528\\u30023.\\u672c\\u670d\\u52d9\\u6700\\u9577\\u53ef\\u7533\\u8acb\\u9023\\u7e8c\\u4f7f\\u7528\\u5929\\u6578\\u70ba30\\u5929\\u3002\\\",\\\"cs_desc_type\\\":\\\"TEXT_5\\\",\\\"service_item\\\":\\\"WSC83\\\"},{\\\"cs_seq\\\":1232808,\\\"service_desc\\\":\\\"\\u8cbc\\u5fc3\\u63d0\\u9192:1.\\u5df2\\u7533\\u8acb\\u570b\\u5167\\u5fae\\u91cf\\u4e0a\\u7db2\\u65b9\\u6848\\u4e14\\u5728\\u670d\\u52d9\\u6548\\u671f\\u5167\\uff0c\\u5c07\\u7121\\u6cd5\\u4f7f\\u7528\\u6f2b\\u904a\\u4e0a\\u7db2\\u529f\\u80fd\\u53ca\\u7533\\u8fa6\\u6f2b\\u904a\\u4e0a\\u7db2\\u670d\\u52d9(\\u65e5\\u79df\\u578b/\\u8a08\\u91cf\\u578b)\\uff0c\\u5982\\u6709\\u6f2b\\u904a\\u4e0a\\u7db2\\u9700\\u6c42\\u8005\\uff0c\\u8acb\\u6d3d188\\u5ba2\\u670d\\u30022.\\u672c\\u670d\\u52d9\\u65bc\\u958b\\u901a\\u6210\\u529f\\u3001\\u7d50\\u675f\\u524d\\u3001\\u7d50\\u675f\\u5f8c\\uff0c\\u5c07\\u8cbc\\u5fc3\\u767c\\u9001\\u7c21\\u8a0a\\u901a\\u77e5\\u7528\\u6236\\u30023.\\u670d\\u52d9\\u5be6\\u969b\\u751f\\u6548\\u6642\\u9593\\u8acb\\u4ee5\\u7c21\\u8a0a\\u5167\\u5bb9\\u70ba\\u4e3b\\u30024.\\u63d0\\u9192\\u7c21\\u8a0a\\u63a5\\u6536\\u72c0\\u6cc1\\u9700\\u8996\\u6f2b\\u904a\\u570b\\u4e4b\\u6f2b\\u904a\\u7db2\\u8a0a\\u865f\\u60c5\\u6cc1\\u800c\\u5b9a\\u30025. \\u670d\\u52d9\\u751f\\u6548\\u6642\\uff0c\\u540c\\u6642\\u958b\\u555f\\u570b\\u969b\\u6f2b\\u904a\\u4e0a\\u7db2\\u529f\\u80fd\\uff0c\\u670d\\u52d9\\u7d50\\u675f\\u5f8c\\uff0c\\u4e3b\\u52d5\\u95dc\\u9589\\u570b\\u969b\\u6f2b\\u904a\\u4e0a\\u7db2\\u529f\\u80fd \\u3002\\\",\\\"cs_desc_type\\\":\\\"TEXT_6\\\",\\\"service_item\\\":\\\"WSC83\\\"},{\\\"cs_seq\\\":1232809,\\\"service_desc\\\":\\\"\\u63d0\\u9192\\u60a8\\uff01 1.\\u670d\\u52d9\\u5be6\\u969b\\u751f\\u6548\\u6642\\u9593\\uff0c\\u8acb\\u4ee5\\u7c21\\u8a0a\\u5167\\u5bb9\\u70ba\\u4e3b\\u3002 2.\\u6f2b\\u904a\\u884c\\u52d5\\u4e0a\\u7db2\\u65e5\\u79df\\u578b\\u670d\\u52d9\\u751f\\u6548\\u5f8c\\uff0c\\u8acb\\u8a18\\u5f97\\u95dc\\u6a5f\\u518d\\u91cd\\u65b0\\u958b\\u6a5f\\u3002\\\",\\\"cs_desc_type\\\":\\\"TEXT_7\\\",\\\"service_item\\\":\\\"WSC83\\\"},{\\\"cs_seq\\\":1232810,\\\"service_desc\\\":\\\"\\u63d0\\u9192\\u60a8\\uff1a1.\\u670d\\u52d9\\u6b63\\u5f0f\\u555f\\u7528\\u6642\\u9593\\u8acb\\u4ee5\\u7c21\\u8a0a\\u5167\\u5bb9\\u70ba\\u4e3b\\uff0c\\u8d77\\u8fc4\\u6642\\u9593\\u7684\\u8a08\\u7b97\\uff0c\\u7686\\u4ee5\\u53f0\\u7063\\u6642\\u9593\\u70ba\\u4e3b\\u30022.\\u6f2b\\u904a\\u884c\\u52d5\\u4e0a\\u7db2\\u65e5\\u79df\\u578b\\u670d\\u52d9\\u751f\\u6548\\u5f8c\\uff0c\\u8acb\\u8a18\\u5f97\\u95dc\\u6a5f\\u518d\\u91cd\\u65b0\\u958b\\u6a5f\\u30023.\\u670d\\u52d9\\u751f\\u6548\\u6642\\uff0c\\u540c\\u6642\\u958b\\u555f\\u570b\\u969b\\u6f2b\\u904a\\u4e0a\\u7db2\\u529f\\u80fd\\uff0c\\u670d\\u52d9\\u7d50\\u675f\\u5f8c\\uff0c\\u4e3b\\u52d5\\u95dc\\u9589\\u570b\\u969b\\u6f2b\\u904a\\u4e0a\\u7db2\\u529f\\u80fd\\uff0c\\u5df2\\u7533\\u8acb\\u4e0d\\u4e3b\\u52d5\\u95dc\\u9589\\u6f2b\\u904a\\u4e0a\\u7db2\\u670d\\u52d9\\u7684\\u7528\\u6236\\uff0c\\u65e5\\u79df\\u578b/\\u8a08\\u91cf\\u578b\\u670d\\u52d9\\u7d50\\u675f\\u5f8c\\u7cfb\\u7d71\\u4e0d\\u6703\\u4e3b\\u52d5\\u95dc\\u9589\\u6f2b\\u904a\\u4e0a\\u7db2\\u3002\\\",\\\"cs_desc_type\\\":\\\"TEXT_8\\\",\\\"service_item\\\":\\\"WSC83\\\"},{\\\"cs_seq\\\":1232802,\\\"service_desc\\\":\\\"\\u6f2b\\u904a\\u4e0a\\u7db2\\u65e5\\u79df\\u578b\\\",\\\"cs_desc_type\\\":\\\"TEXT_0\\\",\\\"service_item\\\":\\\"WSC83\\\"}],\\\"ANLMN_status\\\":\\\"Y\\\",\\\"ret_code\\\":\\\"0\\\",\\\"status\\\":\\\"N\\\"}}\"", 
 but actual: "\"{\\\"cs_app\\\":{\\\"desc_data\\\":[{\\\"cs_seq\\\":1232803,\\\"service_desc\\\":\\\" \\\",\\\"cs_desc_type\\\":\\\"TEXT_1\\\",\\\"service_item\\\":\\\"WSC83\\\"},{\\\"cs_seq\\\":1232804,\\\"service_desc\\\":\\\" \\\",\\\"cs_desc_type\\\":\\\"TEXT_2\\\",\\\"service_item\\\":\\\"WSC83\\\"},{\\\"cs_seq\\\":1232805,\\\"service_desc\\\":\\\" \\\",\\\"cs_desc_type\\\":\\\"TEXT_3\\\",\\\"service_item\\\":\\\"WSC83\\\"},{\\\"cs_seq\\\":1232806,\\\"service_desc\\\":\\\" \\\",\\\"cs_desc_type\\\":\\\"TEXT_4\\\",\\\"service_item\\\":\\\"WSC83\\\"},{\\\"cs_seq\\\":1232807,\\\"service_desc\\\":\\\"\\u6536\\u8cbb\\u8aaa\\u660e :1.\\u6bcf\\u65e5\\u7e3d\\u4f7f\\u7528\\u91cf\\u4f4e\\u65bc5MB(\\u542b)\\uff0c\\u6536\\u8cbb49\\u5143\\u30022.\\u6bcf\\u65e5\\u7e3d\\u4f7f\\u7528\\u91cf\\u8d85\\u904e5MB\\u4ee5\\u4e0a\\uff0c\\u4ee5\\u6bcfKB 0.0244\\u5143\\u8a08\\u8cbb\\uff0c\\u7576\\u65e5\\u6536\\u8cbb\\u4e0a\\u9650\\u6700\\u9ad8399\\u5143\\u3002\\u6536\\u8cbb\\u63d0\\u9192 :1.\\u65e5\\u671f\\u8a08\\u7b97\\u57fa\\u6e96\\u4ee524\\u5c0f\\u6642\\u70ba\\u55ae\\u4f4d\\uff0c\\u81ea\\u670d\\u52d9\\u7533\\u8acb\\u751f\\u6548\\u958b\\u59cb\\uff0c\\u9023\\u7e8c24\\u5c0f\\u6642\\u70ba\\u7b2c1\\u65e5\\uff0c\\u7b2c25-48\\u5c0f\\u6642\\u70ba\\u7b2c2\\u65e5\\uff0c\\u4ee5\\u6b64\\u985e\\u63a8\\u30022.\\u7576\\u65e5\\u7cfb\\u7d71\\u672a\\u6536\\u5230\\u4efb\\u4f55\\u4f7f\\u7528\\u4e4b\\u50b3\\u8f38\\u91cf\\u8a18\\u9304\\uff0c\\u5247\\u4e0d\\u6536\\u53d6\\u4efb\\u4f55\\u8cbb\\u7528\\u30023.\\u672c\\u670d\\u52d9\\u6700\\u9577\\u53ef\\u7533\\u8acb\\u9023\\u7e8c\\u4f7f\\u7528\\u5929\\u6578\\u70ba30\\u5929\\u3002\\\",\\\"cs_desc_type\\\":\\\"TEXT_5\\\",\\\"service_item\\\":\\\"WSC83\\\"},{\\\"cs_seq\\\":1232808,\\\"service_desc\\\":\\\"\\u8cbc\\u5fc3\\u63d0\\u9192:1.\\u5df2\\u7533\\u8acb\\u570b\\u5167\\u5fae\\u91cf\\u4e0a\\u7db2\\u65b9\\u6848\\u4e14\\u5728\\u670d\\u52d9\\u6548\\u671f\\u5167\\uff0c\\u5c07\\u7121\\u6cd5\\u4f7f\\u7528\\u6f2b\\u904a\\u4e0a\\u7db2\\u529f\\u80fd\\u53ca\\u7533\\u8fa6\\u6f2b\\u904a\\u4e0a\\u7db2\\u670d\\u52d9(\\u65e5\\u79df\\u578b/\\u8a08\\u91cf\\u578b)\\uff0c\\u5982\\u6709\\u6f2b\\u904a\\u4e0a\\u7db2\\u9700\\u6c42\\u8005\\uff0c\\u8acb\\u6d3d188\\u5ba2\\u670d\\u30022.\\u672c\\u670d\\u52d9\\u65bc\\u958b\\u901a\\u6210\\u529f\\u3001\\u7d50\\u675f\\u524d\\u3001\\u7d50\\u675f\\u5f8c\\uff0c\\u5c07\\u8cbc\\u5fc3\\u767c\\u9001\\u7c21\\u8a0a\\u901a\\u77e5\\u7528\\u6236\\u30023.\\u670d\\u52d9\\u5be6\\u969b\\u751f\\u6548\\u6642\\u9593\\u8acb\\u4ee5\\u7c21\\u8a0a\\u5167\\u5bb9\\u70ba\\u4e3b\\u30024.\\u63d0\\u9192\\u7c21\\u8a0a\\u63a5\\u6536\\u72c0\\u6cc1\\u9700\\u8996\\u6f2b\\u904a\\u570b\\u4e4b\\u6f2b\\u904a\\u7db2\\u8a0a\\u865f\\u60c5\\u6cc1\\u800c\\u5b9a\\u30025. \\u670d\\u52d9\\u751f\\u6548\\u6642\\uff0c\\u540c\\u6642\\u958b\\u555f\\u570b\\u969b\\u6f2b\\u904a\\u4e0a\\u7db2\\u529f\\u80fd\\uff0c\\u670d\\u52d9\\u7d50\\u675f\\u5f8c\\uff0c\\u4e3b\\u52d5\\u95dc\\u9589\\u570b\\u969b\\u6f2b\\u904a\\u4e0a\\u7db2\\u529f\\u80fd \\u3002\\\",\\\"cs_desc_type\\\":\\\"TEXT_6\\\",\\\"service_item\\\":\\\"WSC83\\\"},{\\\"cs_seq\\\":1232809,\\\"service_desc\\\":\\\"\\u63d0\\u9192\\u60a8\\uff01 1.\\u670d\\u52d9\\u5be6\\u969b\\u751f\\u6548\\u6642\\u9593\\uff0c\\u8acb\\u4ee5\\u7c21\\u8a0a\\u5167\\u5bb9\\u70ba\\u4e3b\\u3002 2.\\u6f2b\\u904a\\u884c\\u52d5\\u4e0a\\u7db2\\u65e5\\u79df\\u578b\\u670d\\u52d9\\u751f\\u6548\\u5f8c\\uff0c\\u8acb\\u8a18\\u5f97\\u95dc\\u6a5f\\u518d\\u91cd\\u65b0\\u958b\\u6a5f\\u3002\\\",\\\"cs_desc_type\\\":\\\"TEXT_7\\\",\\\"service_item\\\":\\\"WSC83\\\"},{\\\"cs_seq\\\":1232810,\\\"service_desc\\\":\\\"\\u63d0\\u9192\\u60a8\\uff1a1.\\u670d\\u52d9\\u6b63\\u5f0f\\u555f\\u7528\\u6642\\u9593\\u8acb\\u4ee5\\u7c21\\u8a0a\\u5167\\u5bb9\\u70ba\\u4e3b\\uff0c\\u8d77\\u8fc4\\u6642\\u9593\\u7684\\u8a08\\u7b97\\uff0c\\u7686\\u4ee5\\u53f0\\u7063\\u6642\\u9593\\u70ba\\u4e3b\\u30022.\\u6f2b\\u904a\\u884c\\u52d5\\u4e0a\\u7db2\\u65e5\\u79df\\u578b\\u670d\\u52d9\\u751f\\u6548\\u5f8c\\uff0c\\u8acb\\u8a18\\u5f97\\u95dc\\u6a5f\\u518d\\u91cd\\u65b0\\u958b\\u6a5f\\u30023.\\u670d\\u52d9\\u751f\\u6548\\u6642\\uff0c\\u540c\\u6642\\u958b\\u555f\\u570b\\u969b\\u6f2b\\u904a\\u4e0a\\u7db2\\u529f\\u80fd\\uff0c\\u670d\\u52d9\\u7d50\\u675f\\u5f8c\\uff0c\\u4e3b\\u52d5\\u95dc\\u9589\\u570b\\u969b\\u6f2b\\u904a\\u4e0a\\u7db2\\u529f\\u80fd\\uff0c\\u5df2\\u7533\\u8acb\\u4e0d\\u4e3b\\u52d5\\u95dc\\u9589\\u6f2b\\u904a\\u4e0a\\u7db2\\u670d\\u52d9\\u7684\\u7528\\u6236\\uff0c\\u65e5\\u79df\\u578b/\\u8a08\\u91cf\\u578b\\u670d\\u52d9\\u7d50\\u675f\\u5f8c\\u7cfb\\u7d71\\u4e0d\\u6703\\u4e3b\\u52d5\\u95dc\\u9589\\u6f2b\\u904a\\u4e0a\\u7db2\\u3002\\\",\\\"cs_desc_type\\\":\\\"TEXT_8\\\",\\\"service_item\\\":\\\"WSC83\\\"},{\\\"cs_seq\\\":1232802,\\\"service_desc\\\":\\\"\\u6f2b\\u904a\\u4e0a\\u7db2\\u65e5\\u79df\\u578b\\\",\\\"cs_desc_type\\\":\\\"TEXT_0\\\",\\\"service_item\\\":\\\"WSC83\\\"}],\\\"ANLMN_status\\\":\\\"N\\\",\\\"ret_code\\\":\\\"0\\\",\\\"status\\\":\\\"N\\\"}}\"" (test_QueryWSC83StatusAPIs.py:49)
17:32:04 [   ERROR] error：[資料比對失敗], expected: "{\"cs_app\":{\"desc_data\":[{\"cs_seq\":1232803,\"service_desc\":\" \",\"cs_desc_type\":\"TEXT_1\",\"service_item\":\"WSC83\"},{\"cs_seq\":1232804,\"service_desc\":\" \",\"cs_desc_type\":\"TEXT_2\",\"service_item\":\"WSC83\"},{\"cs_seq\":1232805,\"service_desc\":\" \",\"cs_desc_type\":\"TEXT_3\",\"service_item\":\"WSC83\"},{\"cs_seq\":1232806,\"service_desc\":\" \",\"cs_desc_type\":\"TEXT_4\",\"service_item\":\"WSC83\"},{\"cs_seq\":1232807,\"service_desc\":\"\u6536\u8cbb\u8aaa\u660e :1.\u6bcf\u65e5\u7e3d\u4f7f\u7528\u91cf\u4f4e\u65bc5MB(\u542b)\uff0c\u6536\u8cbb49\u5143\u30022.\u6bcf\u65e5\u7e3d\u4f7f\u7528\u91cf\u8d85\u904e5MB\u4ee5\u4e0a\uff0c\u4ee5\u6bcfKB 0.0244\u5143\u8a08\u8cbb\uff0c\u7576\u65e5\u6536\u8cbb\u4e0a\u9650\u6700\u9ad8399\u5143\u3002\u6536\u8cbb\u63d0\u9192 :1.\u65e5\u671f\u8a08\u7b97\u57fa\u6e96\u4ee524\u5c0f\u6642\u70ba\u55ae\u4f4d\uff0c\u81ea\u670d\u52d9\u7533\u8acb\u751f\u6548\u958b\u59cb\uff0c\u9023\u7e8c24\u5c0f\u6642\u70ba\u7b2c1\u65e5\uff0c\u7b2c25-48\u5c0f\u6642\u70ba\u7b2c2\u65e5\uff0c\u4ee5\u6b64\u985e\u63a8\u30022.\u7576\u65e5\u7cfb\u7d71\u672a\u6536\u5230\u4efb\u4f55\u4f7f\u7528\u4e4b\u50b3\u8f38\u91cf\u8a18\u9304\uff0c\u5247\u4e0d\u6536\u53d6\u4efb\u4f55\u8cbb\u7528\u30023.\u672c\u670d\u52d9\u6700\u9577\u53ef\u7533\u8acb\u9023\u7e8c\u4f7f\u7528\u5929\u6578\u70ba30\u5929\u3002\",\"cs_desc_type\":\"TEXT_5\",\"service_item\":\"WSC83\"},{\"cs_seq\":1232808,\"service_desc\":\"\u8cbc\u5fc3\u63d0\u9192:1.\u5df2\u7533\u8acb\u570b\u5167\u5fae\u91cf\u4e0a\u7db2\u65b9\u6848\u4e14\u5728\u670d\u52d9\u6548\u671f\u5167\uff0c\u5c07\u7121\u6cd5\u4f7f\u7528\u6f2b\u904a\u4e0a\u7db2\u529f\u80fd\u53ca\u7533\u8fa6\u6f2b\u904a\u4e0a\u7db2\u670d\u52d9(\u65e5\u79df\u578b/\u8a08\u91cf\u578b)\uff0c\u5982\u6709\u6f2b\u904a\u4e0a\u7db2\u9700\u6c42\u8005\uff0c\u8acb\u6d3d188\u5ba2\u670d\u30022.\u672c\u670d\u52d9\u65bc\u958b\u901a\u6210\u529f\u3001\u7d50\u675f\u524d\u3001\u7d50\u675f\u5f8c\uff0c\u5c07\u8cbc\u5fc3\u767c\u9001\u7c21\u8a0a\u901a\u77e5\u7528\u6236\u30023.\u670d\u52d9\u5be6\u969b\u751f\u6548\u6642\u9593\u8acb\u4ee5\u7c21\u8a0a\u5167\u5bb9\u70ba\u4e3b\u30024.\u63d0\u9192\u7c21\u8a0a\u63a5\u6536\u72c0\u6cc1\u9700\u8996\u6f2b\u904a\u570b\u4e4b\u6f2b\u904a\u7db2\u8a0a\u865f\u60c5\u6cc1\u800c\u5b9a\u30025. \u670d\u52d9\u751f\u6548\u6642\uff0c\u540c\u6642\u958b\u555f\u570b\u969b\u6f2b\u904a\u4e0a\u7db2\u529f\u80fd\uff0c\u670d\u52d9\u7d50\u675f\u5f8c\uff0c\u4e3b\u52d5\u95dc\u9589\u570b\u969b\u6f2b\u904a\u4e0a\u7db2\u529f\u80fd \u3002\",\"cs_desc_type\":\"TEXT_6\",\"service_item\":\"WSC83\"},{\"cs_seq\":1232809,\"service_desc\":\"\u63d0\u9192\u60a8\uff01 1.\u670d\u52d9\u5be6\u969b\u751f\u6548\u6642\u9593\uff0c\u8acb\u4ee5\u7c21\u8a0a\u5167\u5bb9\u70ba\u4e3b\u3002 2.\u6f2b\u904a\u884c\u52d5\u4e0a\u7db2\u65e5\u79df\u578b\u670d\u52d9\u751f\u6548\u5f8c\uff0c\u8acb\u8a18\u5f97\u95dc\u6a5f\u518d\u91cd\u65b0\u958b\u6a5f\u3002\",\"cs_desc_type\":\"TEXT_7\",\"service_item\":\"WSC83\"},{\"cs_seq\":1232810,\"service_desc\":\"\u63d0\u9192\u60a8\uff1a1.\u670d\u52d9\u6b63\u5f0f\u555f\u7528\u6642\u9593\u8acb\u4ee5\u7c21\u8a0a\u5167\u5bb9\u70ba\u4e3b\uff0c\u8d77\u8fc4\u6642\u9593\u7684\u8a08\u7b97\uff0c\u7686\u4ee5\u53f0\u7063\u6642\u9593\u70ba\u4e3b\u30022.\u6f2b\u904a\u884c\u52d5\u4e0a\u7db2\u65e5\u79df\u578b\u670d\u52d9\u751f\u6548\u5f8c\uff0c\u8acb\u8a18\u5f97\u95dc\u6a5f\u518d\u91cd\u65b0\u958b\u6a5f\u30023.\u670d\u52d9\u751f\u6548\u6642\uff0c\u540c\u6642\u958b\u555f\u570b\u969b\u6f2b\u904a\u4e0a\u7db2\u529f\u80fd\uff0c\u670d\u52d9\u7d50\u675f\u5f8c\uff0c\u4e3b\u52d5\u95dc\u9589\u570b\u969b\u6f2b\u904a\u4e0a\u7db2\u529f\u80fd\uff0c\u5df2\u7533\u8acb\u4e0d\u4e3b\u52d5\u95dc\u9589\u6f2b\u904a\u4e0a\u7db2\u670d\u52d9\u7684\u7528\u6236\uff0c\u65e5\u79df\u578b/\u8a08\u91cf\u578b\u670d\u52d9\u7d50\u675f\u5f8c\u7cfb\u7d71\u4e0d\u6703\u4e3b\u52d5\u95dc\u9589\u6f2b\u904a\u4e0a\u7db2\u3002\",\"cs_desc_type\":\"TEXT_8\",\"service_item\":\"WSC83\"},{\"cs_seq\":1232802,\"service_desc\":\"\u6f2b\u904a\u4e0a\u7db2\u65e5\u79df\u578b\",\"cs_desc_type\":\"TEXT_0\",\"service_item\":\"WSC83\"}],\"ANLMN_status\":\"Y\",\"ret_code\":\"0\",\"status\":\"N\"}}", but actual: "{\"cs_app\":{\"desc_data\":[{\"cs_seq\":1232803,\"service_desc\":\" \",\"cs_desc_type\":\"TEXT_1\",\"service_item\":\"WSC83\"},{\"cs_seq\":1232804,\"service_desc\":\" \",\"cs_desc_type\":\"TEXT_2\",\"service_item\":\"WSC83\"},{\"cs_seq\":1232805,\"service_desc\":\" \",\"cs_desc_type\":\"TEXT_3\",\"service_item\":\"WSC83\"},{\"cs_seq\":1232806,\"service_desc\":\" \",\"cs_desc_type\":\"TEXT_4\",\"service_item\":\"WSC83\"},{\"cs_seq\":1232807,\"service_desc\":\"\u6536\u8cbb\u8aaa\u660e :1.\u6bcf\u65e5\u7e3d\u4f7f\u7528\u91cf\u4f4e\u65bc5MB(\u542b)\uff0c\u6536\u8cbb49\u5143\u30022.\u6bcf\u65e5\u7e3d\u4f7f\u7528\u91cf\u8d85\u904e5MB\u4ee5\u4e0a\uff0c\u4ee5\u6bcfKB 0.0244\u5143\u8a08\u8cbb\uff0c\u7576\u65e5\u6536\u8cbb\u4e0a\u9650\u6700\u9ad8399\u5143\u3002\u6536\u8cbb\u63d0\u9192 :1.\u65e5\u671f\u8a08\u7b97\u57fa\u6e96\u4ee524\u5c0f\u6642\u70ba\u55ae\u4f4d\uff0c\u81ea\u670d\u52d9\u7533\u8acb\u751f\u6548\u958b\u59cb\uff0c\u9023\u7e8c24\u5c0f\u6642\u70ba\u7b2c1\u65e5\uff0c\u7b2c25-48\u5c0f\u6642\u70ba\u7b2c2\u65e5\uff0c\u4ee5\u6b64\u985e\u63a8\u30022.\u7576\u65e5\u7cfb\u7d71\u672a\u6536\u5230\u4efb\u4f55\u4f7f\u7528\u4e4b\u50b3\u8f38\u91cf\u8a18\u9304\uff0c\u5247\u4e0d\u6536\u53d6\u4efb\u4f55\u8cbb\u7528\u30023.\u672c\u670d\u52d9\u6700\u9577\u53ef\u7533\u8acb\u9023\u7e8c\u4f7f\u7528\u5929\u6578\u70ba30\u5929\u3002\",\"cs_desc_type\":\"TEXT_5\",\"service_item\":\"WSC83\"},{\"cs_seq\":1232808,\"service_desc\":\"\u8cbc\u5fc3\u63d0\u9192:1.\u5df2\u7533\u8acb\u570b\u5167\u5fae\u91cf\u4e0a\u7db2\u65b9\u6848\u4e14\u5728\u670d\u52d9\u6548\u671f\u5167\uff0c\u5c07\u7121\u6cd5\u4f7f\u7528\u6f2b\u904a\u4e0a\u7db2\u529f\u80fd\u53ca\u7533\u8fa6\u6f2b\u904a\u4e0a\u7db2\u670d\u52d9(\u65e5\u79df\u578b/\u8a08\u91cf\u578b)\uff0c\u5982\u6709\u6f2b\u904a\u4e0a\u7db2\u9700\u6c42\u8005\uff0c\u8acb\u6d3d188\u5ba2\u670d\u30022.\u672c\u670d\u52d9\u65bc\u958b\u901a\u6210\u529f\u3001\u7d50\u675f\u524d\u3001\u7d50\u675f\u5f8c\uff0c\u5c07\u8cbc\u5fc3\u767c\u9001\u7c21\u8a0a\u901a\u77e5\u7528\u6236\u30023.\u670d\u52d9\u5be6\u969b\u751f\u6548\u6642\u9593\u8acb\u4ee5\u7c21\u8a0a\u5167\u5bb9\u70ba\u4e3b\u30024.\u63d0\u9192\u7c21\u8a0a\u63a5\u6536\u72c0\u6cc1\u9700\u8996\u6f2b\u904a\u570b\u4e4b\u6f2b\u904a\u7db2\u8a0a\u865f\u60c5\u6cc1\u800c\u5b9a\u30025. \u670d\u52d9\u751f\u6548\u6642\uff0c\u540c\u6642\u958b\u555f\u570b\u969b\u6f2b\u904a\u4e0a\u7db2\u529f\u80fd\uff0c\u670d\u52d9\u7d50\u675f\u5f8c\uff0c\u4e3b\u52d5\u95dc\u9589\u570b\u969b\u6f2b\u904a\u4e0a\u7db2\u529f\u80fd \u3002\",\"cs_desc_type\":\"TEXT_6\",\"service_item\":\"WSC83\"},{\"cs_seq\":1232809,\"service_desc\":\"\u63d0\u9192\u60a8\uff01 1.\u670d\u52d9\u5be6\u969b\u751f\u6548\u6642\u9593\uff0c\u8acb\u4ee5\u7c21\u8a0a\u5167\u5bb9\u70ba\u4e3b\u3002 2.\u6f2b\u904a\u884c\u52d5\u4e0a\u7db2\u65e5\u79df\u578b\u670d\u52d9\u751f\u6548\u5f8c\uff0c\u8acb\u8a18\u5f97\u95dc\u6a5f\u518d\u91cd\u65b0\u958b\u6a5f\u3002\",\"cs_desc_type\":\"TEXT_7\",\"service_item\":\"WSC83\"},{\"cs_seq\":1232810,\"service_desc\":\"\u63d0\u9192\u60a8\uff1a1.\u670d\u52d9\u6b63\u5f0f\u555f\u7528\u6642\u9593\u8acb\u4ee5\u7c21\u8a0a\u5167\u5bb9\u70ba\u4e3b\uff0c\u8d77\u8fc4\u6642\u9593\u7684\u8a08\u7b97\uff0c\u7686\u4ee5\u53f0\u7063\u6642\u9593\u70ba\u4e3b\u30022.\u6f2b\u904a\u884c\u52d5\u4e0a\u7db2\u65e5\u79df\u578b\u670d\u52d9\u751f\u6548\u5f8c\uff0c\u8acb\u8a18\u5f97\u95dc\u6a5f\u518d\u91cd\u65b0\u958b\u6a5f\u30023.\u670d\u52d9\u751f\u6548\u6642\uff0c\u540c\u6642\u958b\u555f\u570b\u969b\u6f2b\u904a\u4e0a\u7db2\u529f\u80fd\uff0c\u670d\u52d9\u7d50\u675f\u5f8c\uff0c\u4e3b\u52d5\u95dc\u9589\u570b\u969b\u6f2b\u904a\u4e0a\u7db2\u529f\u80fd\uff0c\u5df2\u7533\u8acb\u4e0d\u4e3b\u52d5\u95dc\u9589\u6f2b\u904a\u4e0a\u7db2\u670d\u52d9\u7684\u7528\u6236\uff0c\u65e5\u79df\u578b/\u8a08\u91cf\u578b\u670d\u52d9\u7d50\u675f\u5f8c\u7cfb\u7d71\u4e0d\u6703\u4e3b\u52d5\u95dc\u9589\u6f2b\u904a\u4e0a\u7db2\u3002\",\"cs_desc_type\":\"TEXT_8\",\"service_item\":\"WSC83\"},{\"cs_seq\":1232802,\"service_desc\":\"\u6f2b\u904a\u4e0a\u7db2\u65e5\u79df\u578b\",\"cs_desc_type\":\"TEXT_0\",\"service_item\":\"WSC83\"}],\"ANLMN_status\":\"N\",\"ret_code\":\"0\",\"status\":\"N\"}}" (test_QueryWSC83StatusAPIs.py:53)
Traceback (most recent call last):
  File "D:\My Documents\Desktop\CSAPP_5api\test_APIs\test_QueryWSC83StatusAPIs.py", line 50, in test_CustomerInfoAPIs
    assert ObjectUtils.equal_str("資料比對失敗", excel_data , response_data)
  File "D:\My Documents\Desktop\CSAPP_5api\utils\object_utils.py", line 4, in equal_str
    assert str(exp_value) == str(act_value), f"[{key}], expected: {exp_value}, but actual: {act_value}"
           ^^^^^^^^^^^^^^^^^^^^^^^^^^^^^^^^
AssertionError: [資料比對失敗], expected: "{\"cs_app\":{\"desc_data\":[{\"cs_seq\":1232803,\"service_desc\":\" \",\"cs_desc_type\":\"TEXT_1\",\"service_item\":\"WSC83\"},{\"cs_seq\":1232804,\"service_desc\":\" \",\"cs_desc_type\":\"TEXT_2\",\"service_item\":\"WSC83\"},{\"cs_seq\":1232805,\"service_desc\":\" \",\"cs_desc_type\":\"TEXT_3\",\"service_item\":\"WSC83\"},{\"cs_seq\":1232806,\"service_desc\":\" \",\"cs_desc_type\":\"TEXT_4\",\"service_item\":\"WSC83\"},{\"cs_seq\":1232807,\"service_desc\":\"\u6536\u8cbb\u8aaa\u660e :1.\u6bcf\u65e5\u7e3d\u4f7f\u7528\u91cf\u4f4e\u65bc5MB(\u542b)\uff0c\u6536\u8cbb49\u5143\u30022.\u6bcf\u65e5\u7e3d\u4f7f\u7528\u91cf\u8d85\u904e5MB\u4ee5\u4e0a\uff0c\u4ee5\u6bcfKB 0.0244\u5143\u8a08\u8cbb\uff0c\u7576\u65e5\u6536\u8cbb\u4e0a\u9650\u6700\u9ad8399\u5143\u3002\u6536\u8cbb\u63d0\u9192 :1.\u65e5\u671f\u8a08\u7b97\u57fa\u6e96\u4ee524\u5c0f\u6642\u70ba\u55ae\u4f4d\uff0c\u81ea\u670d\u52d9\u7533\u8acb\u751f\u6548\u958b\u59cb\uff0c\u9023\u7e8c24\u5c0f\u6642\u70ba\u7b2c1\u65e5\uff0c\u7b2c25-48\u5c0f\u6642\u70ba\u7b2c2\u65e5\uff0c\u4ee5\u6b64\u985e\u63a8\u30022.\u7576\u65e5\u7cfb\u7d71\u672a\u6536\u5230\u4efb\u4f55\u4f7f\u7528\u4e4b\u50b3\u8f38\u91cf\u8a18\u9304\uff0c\u5247\u4e0d\u6536\u53d6\u4efb\u4f55\u8cbb\u7528\u30023.\u672c\u670d\u52d9\u6700\u9577\u53ef\u7533\u8acb\u9023\u7e8c\u4f7f\u7528\u5929\u6578\u70ba30\u5929\u3002\",\"cs_desc_type\":\"TEXT_5\",\"service_item\":\"WSC83\"},{\"cs_seq\":1232808,\"service_desc\":\"\u8cbc\u5fc3\u63d0\u9192:1.\u5df2\u7533\u8acb\u570b\u5167\u5fae\u91cf\u4e0a\u7db2\u65b9\u6848\u4e14\u5728\u670d\u52d9\u6548\u671f\u5167\uff0c\u5c07\u7121\u6cd5\u4f7f\u7528\u6f2b\u904a\u4e0a\u7db2\u529f\u80fd\u53ca\u7533\u8fa6\u6f2b\u904a\u4e0a\u7db2\u670d\u52d9(\u65e5\u79df\u578b/\u8a08\u91cf\u578b)\uff0c\u5982\u6709\u6f2b\u904a\u4e0a\u7db2\u9700\u6c42\u8005\uff0c\u8acb\u6d3d188\u5ba2\u670d\u30022.\u672c\u670d\u52d9\u65bc\u958b\u901a\u6210\u529f\u3001\u7d50\u675f\u524d\u3001\u7d50\u675f\u5f8c\uff0c\u5c07\u8cbc\u5fc3\u767c\u9001\u7c21\u8a0a\u901a\u77e5\u7528\u6236\u30023.\u670d\u52d9\u5be6\u969b\u751f\u6548\u6642\u9593\u8acb\u4ee5\u7c21\u8a0a\u5167\u5bb9\u70ba\u4e3b\u30024.\u63d0\u9192\u7c21\u8a0a\u63a5\u6536\u72c0\u6cc1\u9700\u8996\u6f2b\u904a\u570b\u4e4b\u6f2b\u904a\u7db2\u8a0a\u865f\u60c5\u6cc1\u800c\u5b9a\u30025. \u670d\u52d9\u751f\u6548\u6642\uff0c\u540c\u6642\u958b\u555f\u570b\u969b\u6f2b\u904a\u4e0a\u7db2\u529f\u80fd\uff0c\u670d\u52d9\u7d50\u675f\u5f8c\uff0c\u4e3b\u52d5\u95dc\u9589\u570b\u969b\u6f2b\u904a\u4e0a\u7db2\u529f\u80fd \u3002\",\"cs_desc_type\":\"TEXT_6\",\"service_item\":\"WSC83\"},{\"cs_seq\":1232809,\"service_desc\":\"\u63d0\u9192\u60a8\uff01 1.\u670d\u52d9\u5be6\u969b\u751f\u6548\u6642\u9593\uff0c\u8acb\u4ee5\u7c21\u8a0a\u5167\u5bb9\u70ba\u4e3b\u3002 2.\u6f2b\u904a\u884c\u52d5\u4e0a\u7db2\u65e5\u79df\u578b\u670d\u52d9\u751f\u6548\u5f8c\uff0c\u8acb\u8a18\u5f97\u95dc\u6a5f\u518d\u91cd\u65b0\u958b\u6a5f\u3002\",\"cs_desc_type\":\"TEXT_7\",\"service_item\":\"WSC83\"},{\"cs_seq\":1232810,\"service_desc\":\"\u63d0\u9192\u60a8\uff1a1.\u670d\u52d9\u6b63\u5f0f\u555f\u7528\u6642\u9593\u8acb\u4ee5\u7c21\u8a0a\u5167\u5bb9\u70ba\u4e3b\uff0c\u8d77\u8fc4\u6642\u9593\u7684\u8a08\u7b97\uff0c\u7686\u4ee5\u53f0\u7063\u6642\u9593\u70ba\u4e3b\u30022.\u6f2b\u904a\u884c\u52d5\u4e0a\u7db2\u65e5\u79df\u578b\u670d\u52d9\u751f\u6548\u5f8c\uff0c\u8acb\u8a18\u5f97\u95dc\u6a5f\u518d\u91cd\u65b0\u958b\u6a5f\u30023.\u670d\u52d9\u751f\u6548\u6642\uff0c\u540c\u6642\u958b\u555f\u570b\u969b\u6f2b\u904a\u4e0a\u7db2\u529f\u80fd\uff0c\u670d\u52d9\u7d50\u675f\u5f8c\uff0c\u4e3b\u52d5\u95dc\u9589\u570b\u969b\u6f2b\u904a\u4e0a\u7db2\u529f\u80fd\uff0c\u5df2\u7533\u8acb\u4e0d\u4e3b\u52d5\u95dc\u9589\u6f2b\u904a\u4e0a\u7db2\u670d\u52d9\u7684\u7528\u6236\uff0c\u65e5\u79df\u578b/\u8a08\u91cf\u578b\u670d\u52d9\u7d50\u675f\u5f8c\u7cfb\u7d71\u4e0d\u6703\u4e3b\u52d5\u95dc\u9589\u6f2b\u904a\u4e0a\u7db2\u3002\",\"cs_desc_type\":\"TEXT_8\",\"service_item\":\"WSC83\"},{\"cs_seq\":1232802,\"service_desc\":\"\u6f2b\u904a\u4e0a\u7db2\u65e5\u79df\u578b\",\"cs_desc_type\":\"TEXT_0\",\"service_item\":\"WSC83\"}],\"ANLMN_status\":\"Y\",\"ret_code\":\"0\",\"status\":\"N\"}}", but actual: "{\"cs_app\":{\"desc_data\":[{\"cs_seq\":1232803,\"service_desc\":\" \",\"cs_desc_type\":\"TEXT_1\",\"service_item\":\"WSC83\"},{\"cs_seq\":1232804,\"service_desc\":\" \",\"cs_desc_type\":\"TEXT_2\",\"service_item\":\"WSC83\"},{\"cs_seq\":1232805,\"service_desc\":\" \",\"cs_desc_type\":\"TEXT_3\",\"service_item\":\"WSC83\"},{\"cs_seq\":1232806,\"service_desc\":\" \",\"cs_desc_type\":\"TEXT_4\",\"service_item\":\"WSC83\"},{\"cs_seq\":1232807,\"service_desc\":\"\u6536\u8cbb\u8aaa\u660e :1.\u6bcf\u65e5\u7e3d\u4f7f\u7528\u91cf\u4f4e\u65bc5MB(\u542b)\uff0c\u6536\u8cbb49\u5143\u30022.\u6bcf\u65e5\u7e3d\u4f7f\u7528\u91cf\u8d85\u904e5MB\u4ee5\u4e0a\uff0c\u4ee5\u6bcfKB 0.0244\u5143\u8a08\u8cbb\uff0c\u7576\u65e5\u6536\u8cbb\u4e0a\u9650\u6700\u9ad8399\u5143\u3002\u6536\u8cbb\u63d0\u9192 :1.\u65e5\u671f\u8a08\u7b97\u57fa\u6e96\u4ee524\u5c0f\u6642\u70ba\u55ae\u4f4d\uff0c\u81ea\u670d\u52d9\u7533\u8acb\u751f\u6548\u958b\u59cb\uff0c\u9023\u7e8c24\u5c0f\u6642\u70ba\u7b2c1\u65e5\uff0c\u7b2c25-48\u5c0f\u6642\u70ba\u7b2c2\u65e5\uff0c\u4ee5\u6b64\u985e\u63a8\u30022.\u7576\u65e5\u7cfb\u7d71\u672a\u6536\u5230\u4efb\u4f55\u4f7f\u7528\u4e4b\u50b3\u8f38\u91cf\u8a18\u9304\uff0c\u5247\u4e0d\u6536\u53d6\u4efb\u4f55\u8cbb\u7528\u30023.\u672c\u670d\u52d9\u6700\u9577\u53ef\u7533\u8acb\u9023\u7e8c\u4f7f\u7528\u5929\u6578\u70ba30\u5929\u3002\",\"cs_desc_type\":\"TEXT_5\",\"service_item\":\"WSC83\"},{\"cs_seq\":1232808,\"service_desc\":\"\u8cbc\u5fc3\u63d0\u9192:1.\u5df2\u7533\u8acb\u570b\u5167\u5fae\u91cf\u4e0a\u7db2\u65b9\u6848\u4e14\u5728\u670d\u52d9\u6548\u671f\u5167\uff0c\u5c07\u7121\u6cd5\u4f7f\u7528\u6f2b\u904a\u4e0a\u7db2\u529f\u80fd\u53ca\u7533\u8fa6\u6f2b\u904a\u4e0a\u7db2\u670d\u52d9(\u65e5\u79df\u578b/\u8a08\u91cf\u578b)\uff0c\u5982\u6709\u6f2b\u904a\u4e0a\u7db2\u9700\u6c42\u8005\uff0c\u8acb\u6d3d188\u5ba2\u670d\u30022.\u672c\u670d\u52d9\u65bc\u958b\u901a\u6210\u529f\u3001\u7d50\u675f\u524d\u3001\u7d50\u675f\u5f8c\uff0c\u5c07\u8cbc\u5fc3\u767c\u9001\u7c21\u8a0a\u901a\u77e5\u7528\u6236\u30023.\u670d\u52d9\u5be6\u969b\u751f\u6548\u6642\u9593\u8acb\u4ee5\u7c21\u8a0a\u5167\u5bb9\u70ba\u4e3b\u30024.\u63d0\u9192\u7c21\u8a0a\u63a5\u6536\u72c0\u6cc1\u9700\u8996\u6f2b\u904a\u570b\u4e4b\u6f2b\u904a\u7db2\u8a0a\u865f\u60c5\u6cc1\u800c\u5b9a\u30025. \u670d\u52d9\u751f\u6548\u6642\uff0c\u540c\u6642\u958b\u555f\u570b\u969b\u6f2b\u904a\u4e0a\u7db2\u529f\u80fd\uff0c\u670d\u52d9\u7d50\u675f\u5f8c\uff0c\u4e3b\u52d5\u95dc\u9589\u570b\u969b\u6f2b\u904a\u4e0a\u7db2\u529f\u80fd \u3002\",\"cs_desc_type\":\"TEXT_6\",\"service_item\":\"WSC83\"},{\"cs_seq\":1232809,\"service_desc\":\"\u63d0\u9192\u60a8\uff01 1.\u670d\u52d9\u5be6\u969b\u751f\u6548\u6642\u9593\uff0c\u8acb\u4ee5\u7c21\u8a0a\u5167\u5bb9\u70ba\u4e3b\u3002 2.\u6f2b\u904a\u884c\u52d5\u4e0a\u7db2\u65e5\u79df\u578b\u670d\u52d9\u751f\u6548\u5f8c\uff0c\u8acb\u8a18\u5f97\u95dc\u6a5f\u518d\u91cd\u65b0\u958b\u6a5f\u3002\",\"cs_desc_type\":\"TEXT_7\",\"service_item\":\"WSC83\"},{\"cs_seq\":1232810,\"service_desc\":\"\u63d0\u9192\u60a8\uff1a1.\u670d\u52d9\u6b63\u5f0f\u555f\u7528\u6642\u9593\u8acb\u4ee5\u7c21\u8a0a\u5167\u5bb9\u70ba\u4e3b\uff0c\u8d77\u8fc4\u6642\u9593\u7684\u8a08\u7b97\uff0c\u7686\u4ee5\u53f0\u7063\u6642\u9593\u70ba\u4e3b\u30022.\u6f2b\u904a\u884c\u52d5\u4e0a\u7db2\u65e5\u79df\u578b\u670d\u52d9\u751f\u6548\u5f8c\uff0c\u8acb\u8a18\u5f97\u95dc\u6a5f\u518d\u91cd\u65b0\u958b\u6a5f\u30023.\u670d\u52d9\u751f\u6548\u6642\uff0c\u540c\u6642\u958b\u555f\u570b\u969b\u6f2b\u904a\u4e0a\u7db2\u529f\u80fd\uff0c\u670d\u52d9\u7d50\u675f\u5f8c\uff0c\u4e3b\u52d5\u95dc\u9589\u570b\u969b\u6f2b\u904a\u4e0a\u7db2\u529f\u80fd\uff0c\u5df2\u7533\u8acb\u4e0d\u4e3b\u52d5\u95dc\u9589\u6f2b\u904a\u4e0a\u7db2\u670d\u52d9\u7684\u7528\u6236\uff0c\u65e5\u79df\u578b/\u8a08\u91cf\u578b\u670d\u52d9\u7d50\u675f\u5f8c\u7cfb\u7d71\u4e0d\u6703\u4e3b\u52d5\u95dc\u9589\u6f2b\u904a\u4e0a\u7db2\u3002\",\"cs_desc_type\":\"TEXT_8\",\"service_item\":\"WSC83\"},{\"cs_seq\":1232802,\"service_desc\":\"\u6f2b\u904a\u4e0a\u7db2\u65e5\u79df\u578b\",\"cs_desc_type\":\"TEXT_0\",\"service_item\":\"WSC83\"}],\"ANLMN_status\":\"N\",\"ret_code\":\"0\",\"status\":\"N\"}}"
17:32:04 [    INFO] Test 1 END 
================================================================================================================================ (test_QueryWSC83StatusAPIs.py:58)
17:32:04 [    INFO] Sending API request with parameters:
{
  "token":"DEV",
  "os":"ios",
  "ver":"9.13.3"
}
 (test_QueryWSC83StatusAPIs.py:30)
17:32:04 [    INFO] Request method: get (api_utils.py:14)
17:32:04 [    INFO] Request URL: http://csappstage.catch.net.tw/cs/API/queryWSC83Status (api_utils.py:15)
17:32:04 [    INFO] Request headers: {'User-Agent': 'python-requests/2.32.3', 'Accept-Encoding': 'gzip, deflate', 'Accept': '*/*', 'Connection': 'keep-alive'} (api_utils.py:17)
17:32:04 [    INFO] Request Json body: null (api_utils.py:20)
17:32:04 [    INFO] Response headers: {'X-Frame-Options': 'SAMEORIGIN', 'X-XSS-Protection': '1; mode=block', 'Cache-Control': 'no-cache, no-store, must-revalidate', 'Pragma': 'no-cache', 'X-Content-Type-Options': 'nosniff', 'Content-Type': 'text/html;charset=UTF-8', 'Date': 'Fri, 06 Dec 2024 09:32:04 GMT', 'Server': '', 'Content-Length': '2438', 'Age': '0', 'Connection': 'keep-alive', 'Via': '1.1 TWM-WCG-SVR9'} (api_utils.py:23)
17:32:04 [    INFO] Response code: 200 (api_utils.py:24)
17:32:04 [    INFO] Response: {
    "cs_app": {
        "ANLMN_status": "N",
        "desc_data": [
            {
                "cs_desc_type": "TEXT_1",
                "cs_seq": 1232803,
                "service_desc": " ",
                "service_item": "WSC83"
            },
            {
                "cs_desc_type": "TEXT_2",
                "cs_seq": 1232804,
                "service_desc": " ",
                "service_item": "WSC83"
            },
            {
                "cs_desc_type": "TEXT_3",
                "cs_seq": 1232805,
                "service_desc": " ",
                "service_item": "WSC83"
            },
            {
                "cs_desc_type": "TEXT_4",
                "cs_seq": 1232806,
                "service_desc": " ",
                "service_item": "WSC83"
            },
            {
                "cs_desc_type": "TEXT_5",
                "cs_seq": 1232807,
                "service_desc": "收費說明 :1.每日總使用量低於5MB(含)，收費49元。2.每日總使用量超過5MB以上，以每KB 0.0244元計費，當日收費上限最高399元。收費提醒 :1.日期計算基準以24小時為單位，自服務申請生效開始，連續24小時為第1日，第25-48小時為第2日，以此類推。2.當日系統未收到任何使用之傳輸量記錄，則不收取任何費用。3.本服務最長可申請連續使用天數為30天。",
                "service_item": "WSC83"
            },
            {
                "cs_desc_type": "TEXT_6",
                "cs_seq": 1232808,
                "service_desc": "貼心提醒:1.已申請國內微量上網方案且在服務效期內，將無法使用漫遊上網功能及申辦漫遊上網服務(日租型/計量型)，如有漫遊上網需求者，請洽188客服。2.本服務於開通成功、結束前、結束後，將貼心發送簡訊通知用戶。3.服務實際生效時間請以簡訊內容為主。4.提醒簡訊接收狀況需視漫遊國之漫遊網訊號情況而定。5. 服務生效時，同時開啟國際漫遊上網功能，服務結束後，主動關閉國際漫遊上網功能 。",
                "service_item": "WSC83"
            },
            {
                "cs_desc_type": "TEXT_7",
                "cs_seq": 1232809,
                "service_desc": "提醒您！ 1.服務實際生效時間，請以簡訊內容為主。 2.漫遊行動上網日租型服務生效後，請記得關機再重新開機。",
                "service_item": "WSC83"
            },
            {
                "cs_desc_type": "TEXT_8",
                "cs_seq": 1232810,
                "service_desc": "提醒您：1.服務正式啟用時間請以簡訊內容為主，起迄時間的計算，皆以台灣時間為主。2.漫遊行動上網日租型服務生效後，請記得關機再重新開機。3.服務生效時，同時開啟國際漫遊上網功能，服務結束後，主動關閉國際漫遊上網功能，已申請不主動關閉漫遊上網服務的用戶，日租型/計量型服務結束後系統不會主動關閉漫遊上網。",
                "service_item": "WSC83"
            },
            {
                "cs_desc_type": "TEXT_0",
                "cs_seq": 1232802,
                "service_desc": "漫遊上網日租型",
                "service_item": "WSC83"
            }
        ],
        "ret_code": "0",
        "status": "N"
    }
} (api_utils.py:28)
17:32:04 [    INFO] Generated URL: http://csappstage.catch.net.tw/cs/API/queryWSC83Status (QueryWSC83StatusAPIs.py:14)
17:32:04 [    INFO] Test 2 END 
================================================================================================================================ (test_QueryWSC83StatusAPIs.py:58)
17:32:04 [    INFO] Sending API request with parameters:
{
  "token":"DEV",
  "os":"android",
  "ver":"9.13.3",
  "type":"RP0046",
  "svc_item":"ANLMN",
  "action":"A"
}
 (test_RPProduct354APIs.py:30)
17:32:04 [    INFO] Request method: get (api_utils.py:14)
17:32:04 [    INFO] Request URL: http://csappstage.catch.net.tw/cs/API/RPProduct (api_utils.py:15)
17:32:04 [    INFO] Request headers: {'User-Agent': 'python-requests/2.32.3', 'Accept-Encoding': 'gzip, deflate', 'Accept': '*/*', 'Connection': 'keep-alive'} (api_utils.py:17)
17:32:04 [    INFO] Request Json body: null (api_utils.py:20)
17:32:05 [    INFO] Response headers: {'X-Frame-Options': 'SAMEORIGIN', 'X-XSS-Protection': '1; mode=block', 'Cache-Control': 'no-cache, no-store, must-revalidate', 'Pragma': 'no-cache', 'X-Content-Type-Options': 'nosniff', 'Content-Type': 'text/html;charset=UTF-8', 'Date': 'Fri, 06 Dec 2024 09:32:04 GMT', 'Server': '', 'Content-Length': '343', 'Age': '2', 'Connection': 'keep-alive', 'Via': '1.1 TWM-WCG-SVR9'} (api_utils.py:23)
17:32:05 [    INFO] Response code: 200 (api_utils.py:24)
17:32:05 [    INFO] Response: {
    "cs_app": {
        "api_type": "RP0046",
        "reminder": [
            "加價購效期與主方案同步： (1)主方案預設效期不因加購延長；(2)預設效期內總購買量用完，若為量到斷線方案，將提前結束效期；若為量到降速方案或三合一、共享型方案將降速至64kbps"
        ],
        "ret_code": "0",
        "subscrid": "14796488",
        "uid": "82800"
    }
} (api_utils.py:28)
17:32:05 [    INFO] Generated URL: http://csappstage.catch.net.tw/cs/API/RPProduct (RPProduct354APIs.py:14)
17:32:05 [    INFO] Test 1 END 
================================================================================================================================ (test_RPProduct354APIs.py:58)
17:32:05 [    INFO] Sending API request with parameters:
{
  "token":"DEV",
  "os":"android",
  "ver":"9.13.3",
  "type":"RP0046",
  "svc_item":"ANLMN",
  "action":"A"
}
 (test_RPProduct354APIs.py:30)
17:32:05 [    INFO] Request method: get (api_utils.py:14)
17:32:05 [    INFO] Request URL: http://csappstage.catch.net.tw/cs/API/RPProduct (api_utils.py:15)
17:32:05 [    INFO] Request headers: {'User-Agent': 'python-requests/2.32.3', 'Accept-Encoding': 'gzip, deflate', 'Accept': '*/*', 'Connection': 'keep-alive'} (api_utils.py:17)
17:32:05 [    INFO] Request Json body: null (api_utils.py:20)
17:32:05 [    INFO] Response headers: {'X-Frame-Options': 'SAMEORIGIN', 'X-XSS-Protection': '1; mode=block', 'Cache-Control': 'no-cache, no-store, must-revalidate', 'Pragma': 'no-cache', 'X-Content-Type-Options': 'nosniff', 'Content-Type': 'text/html;charset=UTF-8', 'Date': 'Fri, 06 Dec 2024 09:32:04 GMT', 'Server': '', 'Content-Length': '380', 'Age': '1', 'Connection': 'keep-alive', 'Via': '1.1 TWM-WCG-SVR9'} (api_utils.py:23)
17:32:05 [    INFO] Response code: 200 (api_utils.py:24)
17:32:05 [    INFO] Response: {
    "cs_app": {
        "api_type": "RP0046",
        "errMsg": "com.twm.cs.domain.exception.JDBCAPIException: errApi:WT33/errMsg:用戶已有此服務或申請累積次數超過上限！}]",
        "errMsgDesc": "加購失敗：請確認您已生效漫遊上網方案；若有疑問，請洽188客服中心，海外請撥漫遊免費客服電話+886935120520",
        "ret_code": "9",
        "subscrid": "14796488",
        "uid": "82800"
    }
} (api_utils.py:28)
17:32:05 [    INFO] Generated URL: http://csappstage.catch.net.tw/cs/API/RPProduct (RPProduct354APIs.py:14)
17:32:05 [    INFO] Test 2 END 
================================================================================================================================ (test_RPProduct354APIs.py:58)
17:32:05 [    INFO] Sending API request with parameters:
{
  "token":"DEV",
  "os":"android",
  "ver":"9.13.3",
  "type":"RP0046",
  "svc_item":"ANLMN",
  "action":"D"
}
 (test_RPProduct354APIs.py:30)
17:32:05 [    INFO] Request method: get (api_utils.py:14)
17:32:05 [    INFO] Request URL: http://csappstage.catch.net.tw/cs/API/RPProduct (api_utils.py:15)
17:32:05 [    INFO] Request headers: {'User-Agent': 'python-requests/2.32.3', 'Accept-Encoding': 'gzip, deflate', 'Accept': '*/*', 'Connection': 'keep-alive'} (api_utils.py:17)
17:32:05 [    INFO] Request Json body: null (api_utils.py:20)
17:32:05 [    INFO] Response headers: {'X-Frame-Options': 'SAMEORIGIN', 'X-XSS-Protection': '1; mode=block', 'Cache-Control': 'no-cache, no-store, must-revalidate', 'Pragma': 'no-cache', 'X-Content-Type-Options': 'nosniff', 'Content-Type': 'text/html;charset=UTF-8', 'Date': 'Fri, 06 Dec 2024 09:32:04 GMT', 'Server': '', 'Content-Length': '343', 'Age': '1', 'Connection': 'keep-alive', 'Via': '1.1 TWM-WCG-SVR9'} (api_utils.py:23)
17:32:05 [    INFO] Response code: 200 (api_utils.py:24)
17:32:05 [    INFO] Response: {
    "cs_app": {
        "api_type": "RP0046",
        "reminder": [
            "加價購效期與主方案同步： (1)主方案預設效期不因加購延長；(2)預設效期內總購買量用完，若為量到斷線方案，將提前結束效期；若為量到降速方案或三合一、共享型方案將降速至64kbps"
        ],
        "ret_code": "0",
        "subscrid": "14796488",
        "uid": "82800"
    }
} (api_utils.py:28)
17:32:05 [    INFO] Generated URL: http://csappstage.catch.net.tw/cs/API/RPProduct (RPProduct354APIs.py:14)
17:32:05 [    INFO] Test 3 END 
================================================================================================================================ (test_RPProduct354APIs.py:58)
17:32:05 [    INFO] Sending API request with parameters:
{
  "token":"DEV",
  "os":"android",
  "ver":"9.13.3",
  "type":"RP0046",
  "svc_item":"ANLMN",
  "action":"D"
}
 (test_RPProduct354APIs.py:30)
17:32:05 [    INFO] Request method: get (api_utils.py:14)
17:32:05 [    INFO] Request URL: http://csappstage.catch.net.tw/cs/API/RPProduct (api_utils.py:15)
17:32:05 [    INFO] Request headers: {'User-Agent': 'python-requests/2.32.3', 'Accept-Encoding': 'gzip, deflate', 'Accept': '*/*', 'Connection': 'keep-alive'} (api_utils.py:17)
17:32:05 [    INFO] Request Json body: null (api_utils.py:20)
17:32:05 [    INFO] Response headers: {'X-Frame-Options': 'SAMEORIGIN', 'X-XSS-Protection': '1; mode=block', 'Cache-Control': 'no-cache, no-store, must-revalidate', 'Pragma': 'no-cache', 'X-Content-Type-Options': 'nosniff', 'Content-Type': 'text/html;charset=UTF-8', 'Date': 'Fri, 06 Dec 2024 09:32:04 GMT', 'Server': '', 'Content-Length': '374', 'Age': '1', 'Connection': 'keep-alive', 'Via': '1.1 TWM-WCG-SVR9'} (api_utils.py:23)
17:32:05 [    INFO] Response code: 200 (api_utils.py:24)
17:32:05 [    INFO] Response: {
    "cs_app": {
        "api_type": "RP0046",
        "errMsg": "com.twm.cs.domain.exception.JDBCAPIException: errApi:WT33/errMsg:用戶沒有此服務存在，無法進行取消！}]",
        "errMsgDesc": "加購失敗：請確認您已生效漫遊上網方案；若有疑問，請洽188客服中心，海外請撥漫遊免費客服電話+886935120520",
        "ret_code": "9",
        "subscrid": "14796488",
        "uid": "82800"
    }
} (api_utils.py:28)
17:32:05 [    INFO] Generated URL: http://csappstage.catch.net.tw/cs/API/RPProduct (RPProduct354APIs.py:14)
17:32:05 [    INFO] Test 4 END 
================================================================================================================================ (test_RPProduct354APIs.py:58)
17:32:05 [    INFO] Sending API request with parameters:
{
  "token":"DEV",
  "os":"ios",
  "ver":"9.13.3",
  "type":"RP0046",
  "svc_item":"ANLMN",
  "action":"A"
}
 (test_RPProduct354APIs.py:30)
17:32:05 [    INFO] Request method: get (api_utils.py:14)
17:32:05 [    INFO] Request URL: http://csappstage.catch.net.tw/cs/API/RPProduct (api_utils.py:15)
17:32:05 [    INFO] Request headers: {'User-Agent': 'python-requests/2.32.3', 'Accept-Encoding': 'gzip, deflate', 'Accept': '*/*', 'Connection': 'keep-alive'} (api_utils.py:17)
17:32:05 [    INFO] Request Json body: null (api_utils.py:20)
17:32:06 [    INFO] Response headers: {'X-Frame-Options': 'SAMEORIGIN', 'X-XSS-Protection': '1; mode=block', 'Cache-Control': 'no-cache, no-store, must-revalidate', 'Pragma': 'no-cache', 'X-Content-Type-Options': 'nosniff', 'Content-Type': 'text/html;charset=UTF-8', 'Date': 'Fri, 06 Dec 2024 09:32:06 GMT', 'Server': '', 'Content-Length': '343', 'Age': '1', 'Connection': 'keep-alive', 'Via': '1.1 TWM-WCG-SVR9'} (api_utils.py:23)
17:32:06 [    INFO] Response code: 200 (api_utils.py:24)
17:32:06 [    INFO] Response: {
    "cs_app": {
        "api_type": "RP0046",
        "reminder": [
            "加價購效期與主方案同步： (1)主方案預設效期不因加購延長；(2)預設效期內總購買量用完，若為量到斷線方案，將提前結束效期；若為量到降速方案或三合一、共享型方案將降速至64kbps"
        ],
        "ret_code": "0",
        "subscrid": "14796488",
        "uid": "82800"
    }
} (api_utils.py:28)
17:32:06 [    INFO] Generated URL: http://csappstage.catch.net.tw/cs/API/RPProduct (RPProduct354APIs.py:14)
17:32:06 [    INFO] Test 5 END 
================================================================================================================================ (test_RPProduct354APIs.py:58)
17:32:06 [    INFO] Sending API request with parameters:
{
  "token":"DEV",
  "os":"ios",
  "ver":"9.13.3",
  "type":"RP0046",
  "svc_item":"ANLMN",
  "action":"A"
}
 (test_RPProduct354APIs.py:30)
17:32:06 [    INFO] Request method: get (api_utils.py:14)
17:32:06 [    INFO] Request URL: http://csappstage.catch.net.tw/cs/API/RPProduct (api_utils.py:15)
17:32:06 [    INFO] Request headers: {'User-Agent': 'python-requests/2.32.3', 'Accept-Encoding': 'gzip, deflate', 'Accept': '*/*', 'Connection': 'keep-alive'} (api_utils.py:17)
17:32:06 [    INFO] Request Json body: null (api_utils.py:20)
17:32:06 [    INFO] Response headers: {'X-Frame-Options': 'SAMEORIGIN', 'X-XSS-Protection': '1; mode=block', 'Cache-Control': 'no-cache, no-store, must-revalidate', 'Pragma': 'no-cache', 'X-Content-Type-Options': 'nosniff', 'Content-Type': 'text/html;charset=UTF-8', 'Date': 'Fri, 06 Dec 2024 09:32:06 GMT', 'Server': '', 'Content-Length': '380', 'Age': '0', 'Connection': 'keep-alive', 'Via': '1.1 TWM-WCG-SVR9'} (api_utils.py:23)
17:32:06 [    INFO] Response code: 200 (api_utils.py:24)
17:32:06 [    INFO] Response: {
    "cs_app": {
        "api_type": "RP0046",
        "errMsg": "com.twm.cs.domain.exception.JDBCAPIException: errApi:WT33/errMsg:用戶已有此服務或申請累積次數超過上限！}]",
        "errMsgDesc": "加購失敗：請確認您已生效漫遊上網方案；若有疑問，請洽188客服中心，海外請撥漫遊免費客服電話+886935120520",
        "ret_code": "9",
        "subscrid": "14796488",
        "uid": "82800"
    }
} (api_utils.py:28)
17:32:06 [    INFO] Generated URL: http://csappstage.catch.net.tw/cs/API/RPProduct (RPProduct354APIs.py:14)
17:32:06 [    INFO] Test 6 END 
================================================================================================================================ (test_RPProduct354APIs.py:58)
17:32:06 [    INFO] Sending API request with parameters:
{
  "token":"DEV",
  "os":"ios",
  "ver":"9.13.3",
  "type":"RP0046",
  "svc_item":"ANLMN",
  "action":"D"
}
 (test_RPProduct354APIs.py:30)
17:32:06 [    INFO] Request method: get (api_utils.py:14)
17:32:06 [    INFO] Request URL: http://csappstage.catch.net.tw/cs/API/RPProduct (api_utils.py:15)
17:32:06 [    INFO] Request headers: {'User-Agent': 'python-requests/2.32.3', 'Accept-Encoding': 'gzip, deflate', 'Accept': '*/*', 'Connection': 'keep-alive'} (api_utils.py:17)
17:32:06 [    INFO] Request Json body: null (api_utils.py:20)
17:32:06 [    INFO] Response headers: {'X-Frame-Options': 'SAMEORIGIN', 'X-XSS-Protection': '1; mode=block', 'Cache-Control': 'no-cache, no-store, must-revalidate', 'Pragma': 'no-cache', 'X-Content-Type-Options': 'nosniff', 'Content-Type': 'text/html;charset=UTF-8', 'Date': 'Fri, 06 Dec 2024 09:32:06 GMT', 'Server': '', 'Content-Length': '343', 'Age': '0', 'Connection': 'keep-alive', 'Via': '1.1 TWM-WCG-SVR9'} (api_utils.py:23)
17:32:06 [    INFO] Response code: 200 (api_utils.py:24)
17:32:06 [    INFO] Response: {
    "cs_app": {
        "api_type": "RP0046",
        "reminder": [
            "加價購效期與主方案同步： (1)主方案預設效期不因加購延長；(2)預設效期內總購買量用完，若為量到斷線方案，將提前結束效期；若為量到降速方案或三合一、共享型方案將降速至64kbps"
        ],
        "ret_code": "0",
        "subscrid": "14796488",
        "uid": "82800"
    }
} (api_utils.py:28)
17:32:06 [    INFO] Generated URL: http://csappstage.catch.net.tw/cs/API/RPProduct (RPProduct354APIs.py:14)
17:32:06 [    INFO] Test 7 END 
================================================================================================================================ (test_RPProduct354APIs.py:58)
17:32:06 [    INFO] Sending API request with parameters:
{
  "token":"DEV",
  "os":"ios",
  "ver":"9.13.3",
  "type":"RP0046",
  "svc_item":"ANLMN",
  "action":"D"
}
 (test_RPProduct354APIs.py:30)
17:32:06 [    INFO] Request method: get (api_utils.py:14)
17:32:06 [    INFO] Request URL: http://csappstage.catch.net.tw/cs/API/RPProduct (api_utils.py:15)
17:32:06 [    INFO] Request headers: {'User-Agent': 'python-requests/2.32.3', 'Accept-Encoding': 'gzip, deflate', 'Accept': '*/*', 'Connection': 'keep-alive'} (api_utils.py:17)
17:32:06 [    INFO] Request Json body: null (api_utils.py:20)
17:32:06 [    INFO] Response headers: {'X-Frame-Options': 'SAMEORIGIN', 'X-XSS-Protection': '1; mode=block', 'Cache-Control': 'no-cache, no-store, must-revalidate', 'Pragma': 'no-cache', 'X-Content-Type-Options': 'nosniff', 'Content-Type': 'text/html;charset=UTF-8', 'Date': 'Fri, 06 Dec 2024 09:32:06 GMT', 'Server': '', 'Content-Length': '374', 'Age': '0', 'Connection': 'keep-alive', 'Via': '1.1 TWM-WCG-SVR9'} (api_utils.py:23)
17:32:06 [    INFO] Response code: 200 (api_utils.py:24)
17:32:06 [    INFO] Response: {
    "cs_app": {
        "api_type": "RP0046",
        "errMsg": "com.twm.cs.domain.exception.JDBCAPIException: errApi:WT33/errMsg:用戶沒有此服務存在，無法進行取消！}]",
        "errMsgDesc": "加購失敗：請確認您已生效漫遊上網方案；若有疑問，請洽188客服中心，海外請撥漫遊免費客服電話+886935120520",
        "ret_code": "9",
        "subscrid": "14796488",
        "uid": "82800"
    }
} (api_utils.py:28)
17:32:06 [    INFO] Generated URL: http://csappstage.catch.net.tw/cs/API/RPProduct (RPProduct354APIs.py:14)
17:32:06 [    INFO] Test 8 END 
================================================================================================================================ (test_RPProduct354APIs.py:58)
17:32:06 [    INFO] Sending API request with parameters:
{
  "token":"DEV",
  "os":"ios",
  "ver":"9.13.3",
  "type":"RP0046",
  "svc_item":"WS906",
  "action":"A"
}
 (test_RPProduct354APIs.py:30)
17:32:06 [    INFO] Request method: get (api_utils.py:14)
17:32:06 [    INFO] Request URL: http://csappstage.catch.net.tw/cs/API/RPProduct (api_utils.py:15)
17:32:06 [    INFO] Request headers: {'User-Agent': 'python-requests/2.32.3', 'Accept-Encoding': 'gzip, deflate', 'Accept': '*/*', 'Connection': 'keep-alive'} (api_utils.py:17)
17:32:06 [    INFO] Request Json body: null (api_utils.py:20)
17:32:06 [    INFO] Response headers: {'X-Frame-Options': 'SAMEORIGIN', 'X-XSS-Protection': '1; mode=block', 'Cache-Control': 'no-cache, no-store, must-revalidate', 'Pragma': 'no-cache', 'X-Content-Type-Options': 'nosniff', 'Content-Type': 'text/html;charset=UTF-8', 'Date': 'Fri, 06 Dec 2024 09:32:06 GMT', 'Server': '', 'Content-Length': '453', 'Age': '2', 'Connection': 'keep-alive', 'Via': '1.1 TWM-WCG-SVR9'} (api_utils.py:23)
17:32:06 [    INFO] Response code: 200 (api_utils.py:24)
17:32:07 [    INFO] Response: {
    "cs_app": {
        "api_type": "RP0046",
        "errMsg": "com.twm.cs.domain.exception.JDBCAPIException: errApi:WT33/errMsg:此項服務必須有3GCAS_行動上網或BBNET_BlackBerry或3DVPA_企業MDVPN II(vpn2,internet,mms)之服務項目,方可申請!!}]",
        "errMsgDesc": "加購失敗：請確認您已生效漫遊上網方案；若有疑問，請洽188客服中心，海外請撥漫遊免費客服電話+886935120520",
        "ret_code": "9",
        "subscrid": "14796488",
        "uid": "82800"
    }
} (api_utils.py:28)
17:32:07 [    INFO] Generated URL: http://csappstage.catch.net.tw/cs/API/RPProduct (RPProduct354APIs.py:14)
17:32:07 [    INFO] Test 9 END 
================================================================================================================================ (test_RPProduct354APIs.py:58)
17:32:07 [    INFO] Sending API request with parameters:
{
  "token":"DEV",
  "os":"ios",
  "ver":"9.13.3",
  "type":"RP0046",
  "svc_item":"WS906",
  "action":"D"
}
 (test_RPProduct354APIs.py:30)
17:32:07 [    INFO] Request method: get (api_utils.py:14)
17:32:07 [    INFO] Request URL: http://csappstage.catch.net.tw/cs/API/RPProduct (api_utils.py:15)
17:32:07 [    INFO] Request headers: {'User-Agent': 'python-requests/2.32.3', 'Accept-Encoding': 'gzip, deflate', 'Accept': '*/*', 'Connection': 'keep-alive'} (api_utils.py:17)
17:32:07 [    INFO] Request Json body: null (api_utils.py:20)
17:32:07 [    INFO] Response headers: {'X-Frame-Options': 'SAMEORIGIN', 'X-XSS-Protection': '1; mode=block', 'Cache-Control': 'no-cache, no-store, must-revalidate', 'Pragma': 'no-cache', 'X-Content-Type-Options': 'nosniff', 'Content-Type': 'text/html;charset=UTF-8', 'Date': 'Fri, 06 Dec 2024 09:32:07 GMT', 'Server': '', 'Content-Length': '374', 'Age': '0', 'Connection': 'keep-alive', 'Via': '1.1 TWM-WCG-SVR9'} (api_utils.py:23)
17:32:07 [    INFO] Response code: 200 (api_utils.py:24)
17:32:07 [    INFO] Response: {
    "cs_app": {
        "api_type": "RP0046",
        "errMsg": "com.twm.cs.domain.exception.JDBCAPIException: errApi:WT33/errMsg:用戶沒有此服務存在，無法進行取消！}]",
        "errMsgDesc": "加購失敗：請確認您已生效漫遊上網方案；若有疑問，請洽188客服中心，海外請撥漫遊免費客服電話+886935120520",
        "ret_code": "9",
        "subscrid": "14796488",
        "uid": "82800"
    }
} (api_utils.py:28)
17:32:07 [    INFO] Generated URL: http://csappstage.catch.net.tw/cs/API/RPProduct (RPProduct354APIs.py:14)
17:32:07 [    INFO] Test 10 END 
================================================================================================================================ (test_RPProduct354APIs.py:58)
17:32:07 [    INFO] Sending API request with parameters:
{
  "token":"DEV",
  "os":"ios",
  "ver":"9.13.3",
  "type":"RP0046",
  "svc_item":"WS906",
  "action":"A"
}
 (test_RPProduct354APIs.py:30)
17:32:07 [    INFO] Request method: get (api_utils.py:14)
17:32:07 [    INFO] Request URL: http://csappstage.catch.net.tw/cs/API/RPProduct (api_utils.py:15)
17:32:07 [    INFO] Request headers: {'User-Agent': 'python-requests/2.32.3', 'Accept-Encoding': 'gzip, deflate', 'Accept': '*/*', 'Connection': 'keep-alive'} (api_utils.py:17)
17:32:07 [    INFO] Request Json body: null (api_utils.py:20)
17:32:07 [    INFO] Response headers: {'X-Frame-Options': 'SAMEORIGIN', 'X-XSS-Protection': '1; mode=block', 'Cache-Control': 'no-cache, no-store, must-revalidate', 'Pragma': 'no-cache', 'X-Content-Type-Options': 'nosniff', 'Content-Type': 'text/html;charset=UTF-8', 'Date': 'Fri, 06 Dec 2024 09:32:07 GMT', 'Server': '', 'Content-Length': '453', 'Age': '0', 'Connection': 'keep-alive', 'Via': '1.1 TWM-WCG-SVR9'} (api_utils.py:23)
17:32:07 [    INFO] Response code: 200 (api_utils.py:24)
17:32:07 [    INFO] Response: {
    "cs_app": {
        "api_type": "RP0046",
        "errMsg": "com.twm.cs.domain.exception.JDBCAPIException: errApi:WT33/errMsg:此項服務必須有3GCAS_行動上網或BBNET_BlackBerry或3DVPA_企業MDVPN II(vpn2,internet,mms)之服務項目,方可申請!!}]",
        "errMsgDesc": "加購失敗：請確認您已生效漫遊上網方案；若有疑問，請洽188客服中心，海外請撥漫遊免費客服電話+886935120520",
        "ret_code": "9",
        "subscrid": "14796488",
        "uid": "82800"
    }
} (api_utils.py:28)
17:32:07 [    INFO] Generated URL: http://csappstage.catch.net.tw/cs/API/RPProduct (RPProduct354APIs.py:14)
17:32:07 [    INFO] Test 11 END 
================================================================================================================================ (test_RPProduct354APIs.py:58)
17:32:07 [    INFO] Sending API request with parameters:
{
  "token":"DEV",
  "os":"ios",
  "ver":"9.13.3",
  "type":"RP0046",
  "svc_item":"WS906",
  "action":"D"
}
 (test_RPProduct354APIs.py:30)
17:32:07 [    INFO] Request method: get (api_utils.py:14)
17:32:07 [    INFO] Request URL: http://csappstage.catch.net.tw/cs/API/RPProduct (api_utils.py:15)
17:32:07 [    INFO] Request headers: {'User-Agent': 'python-requests/2.32.3', 'Accept-Encoding': 'gzip, deflate', 'Accept': '*/*', 'Connection': 'keep-alive'} (api_utils.py:17)
17:32:07 [    INFO] Request Json body: null (api_utils.py:20)
17:32:07 [    INFO] Response headers: {'X-Frame-Options': 'SAMEORIGIN', 'X-XSS-Protection': '1; mode=block', 'Cache-Control': 'no-cache, no-store, must-revalidate', 'Pragma': 'no-cache', 'X-Content-Type-Options': 'nosniff', 'Content-Type': 'text/html;charset=UTF-8', 'Date': 'Fri, 06 Dec 2024 09:32:07 GMT', 'Server': '', 'Content-Length': '374', 'Age': '0', 'Connection': 'keep-alive', 'Via': '1.1 TWM-WCG-SVR9'} (api_utils.py:23)
17:32:07 [    INFO] Response code: 200 (api_utils.py:24)
17:32:07 [    INFO] Response: {
    "cs_app": {
        "api_type": "RP0046",
        "errMsg": "com.twm.cs.domain.exception.JDBCAPIException: errApi:WT33/errMsg:用戶沒有此服務存在，無法進行取消！}]",
        "errMsgDesc": "加購失敗：請確認您已生效漫遊上網方案；若有疑問，請洽188客服中心，海外請撥漫遊免費客服電話+886935120520",
        "ret_code": "9",
        "subscrid": "14796488",
        "uid": "82800"
    }
} (api_utils.py:28)
17:32:07 [    INFO] Generated URL: http://csappstage.catch.net.tw/cs/API/RPProduct (RPProduct354APIs.py:14)
17:32:07 [    INFO] Test 12 END 
================================================================================================================================ (test_RPProduct354APIs.py:58)
17:32:07 [    INFO] Sending API request with parameters:
{
  "token":"DEV",
  "os":"android",
  "ver":"9.13.3",
  "type":"RP0046",
  "svc_item":"WS907",
  "action":"A"
}
 (test_RPProduct354APIs.py:30)
17:32:07 [    INFO] Request method: get (api_utils.py:14)
17:32:07 [    INFO] Request URL: http://csappstage.catch.net.tw/cs/API/RPProduct (api_utils.py:15)
17:32:07 [    INFO] Request headers: {'User-Agent': 'python-requests/2.32.3', 'Accept-Encoding': 'gzip, deflate', 'Accept': '*/*', 'Connection': 'keep-alive'} (api_utils.py:17)
17:32:07 [    INFO] Request Json body: null (api_utils.py:20)
17:32:07 [    INFO] Response headers: {'X-Frame-Options': 'SAMEORIGIN', 'X-XSS-Protection': '1; mode=block', 'Cache-Control': 'no-cache, no-store, must-revalidate', 'Pragma': 'no-cache', 'X-Content-Type-Options': 'nosniff', 'Content-Type': 'text/html;charset=UTF-8', 'Date': 'Fri, 06 Dec 2024 09:32:07 GMT', 'Server': '', 'Content-Length': '453', 'Age': '0', 'Connection': 'keep-alive', 'Via': '1.1 TWM-WCG-SVR9'} (api_utils.py:23)
17:32:07 [    INFO] Response code: 200 (api_utils.py:24)
17:32:07 [    INFO] Response: {
    "cs_app": {
        "api_type": "RP0046",
        "errMsg": "com.twm.cs.domain.exception.JDBCAPIException: errApi:WT33/errMsg:此項服務必須有3GCAS_行動上網或BBNET_BlackBerry或3DVPA_企業MDVPN II(vpn2,internet,mms)之服務項目,方可申請!!}]",
        "errMsgDesc": "加購失敗：請確認您已生效漫遊上網方案；若有疑問，請洽188客服中心，海外請撥漫遊免費客服電話+886935120520",
        "ret_code": "9",
        "subscrid": "14796488",
        "uid": "82800"
    }
} (api_utils.py:28)
17:32:07 [    INFO] Generated URL: http://csappstage.catch.net.tw/cs/API/RPProduct (RPProduct354APIs.py:14)
17:32:07 [    INFO] Test 13 END 
================================================================================================================================ (test_RPProduct354APIs.py:58)
17:32:07 [    INFO] Sending API request with parameters:
{
  "token":"DEV",
  "os":"android",
  "ver":"9.13.3",
  "type":"RP0046",
  "svc_item":"WS907",
  "action":"D"
}
 (test_RPProduct354APIs.py:30)
17:32:07 [    INFO] Request method: get (api_utils.py:14)
17:32:07 [    INFO] Request URL: http://csappstage.catch.net.tw/cs/API/RPProduct (api_utils.py:15)
17:32:07 [    INFO] Request headers: {'User-Agent': 'python-requests/2.32.3', 'Accept-Encoding': 'gzip, deflate', 'Accept': '*/*', 'Connection': 'keep-alive'} (api_utils.py:17)
17:32:07 [    INFO] Request Json body: null (api_utils.py:20)
17:32:07 [    INFO] Response headers: {'X-Frame-Options': 'SAMEORIGIN', 'X-XSS-Protection': '1; mode=block', 'Cache-Control': 'no-cache, no-store, must-revalidate', 'Pragma': 'no-cache', 'X-Content-Type-Options': 'nosniff', 'Content-Type': 'text/html;charset=UTF-8', 'Date': 'Fri, 06 Dec 2024 09:32:07 GMT', 'Server': '', 'Content-Length': '374', 'Age': '0', 'Connection': 'keep-alive', 'Via': '1.1 TWM-WCG-SVR9'} (api_utils.py:23)
17:32:07 [    INFO] Response code: 200 (api_utils.py:24)
17:32:07 [    INFO] Response: {
    "cs_app": {
        "api_type": "RP0046",
        "errMsg": "com.twm.cs.domain.exception.JDBCAPIException: errApi:WT33/errMsg:用戶沒有此服務存在，無法進行取消！}]",
        "errMsgDesc": "加購失敗：請確認您已生效漫遊上網方案；若有疑問，請洽188客服中心，海外請撥漫遊免費客服電話+886935120520",
        "ret_code": "9",
        "subscrid": "14796488",
        "uid": "82800"
    }
} (api_utils.py:28)
17:32:07 [    INFO] Generated URL: http://csappstage.catch.net.tw/cs/API/RPProduct (RPProduct354APIs.py:14)
17:32:07 [    INFO] Test 14 END 
================================================================================================================================ (test_RPProduct354APIs.py:58)
17:32:08 [    INFO] Sending API request with parameters:
{
  "token":"DEV",
  "os":"ios",
  "ver":"9.13.3",
  "type":"RP0046",
  "svc_item":"WS907",
  "action":"A"
}
 (test_RPProduct354APIs.py:30)
17:32:08 [    INFO] Request method: get (api_utils.py:14)
17:32:08 [    INFO] Request URL: http://csappstage.catch.net.tw/cs/API/RPProduct (api_utils.py:15)
17:32:08 [    INFO] Request headers: {'User-Agent': 'python-requests/2.32.3', 'Accept-Encoding': 'gzip, deflate', 'Accept': '*/*', 'Connection': 'keep-alive'} (api_utils.py:17)
17:32:08 [    INFO] Request Json body: null (api_utils.py:20)
17:32:08 [    INFO] Response headers: {'X-Frame-Options': 'SAMEORIGIN', 'X-XSS-Protection': '1; mode=block', 'Cache-Control': 'no-cache, no-store, must-revalidate', 'Pragma': 'no-cache', 'X-Content-Type-Options': 'nosniff', 'Content-Type': 'text/html;charset=UTF-8', 'Date': 'Fri, 06 Dec 2024 09:32:08 GMT', 'Server': '', 'Content-Length': '453', 'Age': '0', 'Connection': 'keep-alive', 'Via': '1.1 TWM-WCG-SVR9'} (api_utils.py:23)
17:32:08 [    INFO] Response code: 200 (api_utils.py:24)
17:32:08 [    INFO] Response: {
    "cs_app": {
        "api_type": "RP0046",
        "errMsg": "com.twm.cs.domain.exception.JDBCAPIException: errApi:WT33/errMsg:此項服務必須有3GCAS_行動上網或BBNET_BlackBerry或3DVPA_企業MDVPN II(vpn2,internet,mms)之服務項目,方可申請!!}]",
        "errMsgDesc": "加購失敗：請確認您已生效漫遊上網方案；若有疑問，請洽188客服中心，海外請撥漫遊免費客服電話+886935120520",
        "ret_code": "9",
        "subscrid": "14796488",
        "uid": "82800"
    }
} (api_utils.py:28)
17:32:08 [    INFO] Generated URL: http://csappstage.catch.net.tw/cs/API/RPProduct (RPProduct354APIs.py:14)
17:32:08 [    INFO] Test 15 END 
================================================================================================================================ (test_RPProduct354APIs.py:58)
17:32:08 [    INFO] Sending API request with parameters:
{
  "token":"DEV",
  "os":"ios",
  "ver":"9.13.3",
  "type":"RP0046",
  "svc_item":"WS907",
  "action":"D"
}
 (test_RPProduct354APIs.py:30)
17:32:08 [    INFO] Request method: get (api_utils.py:14)
17:32:08 [    INFO] Request URL: http://csappstage.catch.net.tw/cs/API/RPProduct (api_utils.py:15)
17:32:08 [    INFO] Request headers: {'User-Agent': 'python-requests/2.32.3', 'Accept-Encoding': 'gzip, deflate', 'Accept': '*/*', 'Connection': 'keep-alive'} (api_utils.py:17)
17:32:08 [    INFO] Request Json body: null (api_utils.py:20)
17:32:08 [    INFO] Response headers: {'X-Frame-Options': 'SAMEORIGIN', 'X-XSS-Protection': '1; mode=block', 'Cache-Control': 'no-cache, no-store, must-revalidate', 'Pragma': 'no-cache', 'X-Content-Type-Options': 'nosniff', 'Content-Type': 'text/html;charset=UTF-8', 'Date': 'Fri, 06 Dec 2024 09:32:08 GMT', 'Server': '', 'Content-Length': '374', 'Age': '0', 'Connection': 'keep-alive', 'Via': '1.1 TWM-WCG-SVR9'} (api_utils.py:23)
17:32:08 [    INFO] Response code: 200 (api_utils.py:24)
17:32:08 [    INFO] Response: {
    "cs_app": {
        "api_type": "RP0046",
        "errMsg": "com.twm.cs.domain.exception.JDBCAPIException: errApi:WT33/errMsg:用戶沒有此服務存在，無法進行取消！}]",
        "errMsgDesc": "加購失敗：請確認您已生效漫遊上網方案；若有疑問，請洽188客服中心，海外請撥漫遊免費客服電話+886935120520",
        "ret_code": "9",
        "subscrid": "14796488",
        "uid": "82800"
    }
} (api_utils.py:28)
17:32:08 [    INFO] Generated URL: http://csappstage.catch.net.tw/cs/API/RPProduct (RPProduct354APIs.py:14)
17:32:08 [    INFO] Test 16 END 
================================================================================================================================ (test_RPProduct354APIs.py:58)
17:32:08 [    INFO] Sending API request with parameters:
{
  "token":"DEV",
  "os":"android",
  "ver":"9.13.3",
  "type":"RP0046",
  "svc_item":"WS908",
  "action":"A"
}
 (test_RPProduct354APIs.py:30)
17:32:08 [    INFO] Request method: get (api_utils.py:14)
17:32:08 [    INFO] Request URL: http://csappstage.catch.net.tw/cs/API/RPProduct (api_utils.py:15)
17:32:08 [    INFO] Request headers: {'User-Agent': 'python-requests/2.32.3', 'Accept-Encoding': 'gzip, deflate', 'Accept': '*/*', 'Connection': 'keep-alive'} (api_utils.py:17)
17:32:08 [    INFO] Request Json body: null (api_utils.py:20)
17:32:08 [    INFO] Response headers: {'X-Frame-Options': 'SAMEORIGIN', 'X-XSS-Protection': '1; mode=block', 'Cache-Control': 'no-cache, no-store, must-revalidate', 'Pragma': 'no-cache', 'X-Content-Type-Options': 'nosniff', 'Content-Type': 'text/html;charset=UTF-8', 'Date': 'Fri, 06 Dec 2024 09:32:08 GMT', 'Server': '', 'Content-Length': '453', 'Age': '0', 'Connection': 'keep-alive', 'Via': '1.1 TWM-WCG-SVR9'} (api_utils.py:23)
17:32:08 [    INFO] Response code: 200 (api_utils.py:24)
17:32:08 [    INFO] Response: {
    "cs_app": {
        "api_type": "RP0046",
        "errMsg": "com.twm.cs.domain.exception.JDBCAPIException: errApi:WT33/errMsg:此項服務必須有3GCAS_行動上網或BBNET_BlackBerry或3DVPA_企業MDVPN II(vpn2,internet,mms)之服務項目,方可申請!!}]",
        "errMsgDesc": "加購失敗：請確認您已生效漫遊上網方案；若有疑問，請洽188客服中心，海外請撥漫遊免費客服電話+886935120520",
        "ret_code": "9",
        "subscrid": "14796488",
        "uid": "82800"
    }
} (api_utils.py:28)
17:32:08 [    INFO] Generated URL: http://csappstage.catch.net.tw/cs/API/RPProduct (RPProduct354APIs.py:14)
17:32:08 [    INFO] Test 17 END 
================================================================================================================================ (test_RPProduct354APIs.py:58)
17:32:08 [    INFO] Sending API request with parameters:
{
  "token":"DEV",
  "os":"android",
  "ver":"9.13.3",
  "type":"RP0046",
  "svc_item":"WS908",
  "action":"D"
}
 (test_RPProduct354APIs.py:30)
17:32:08 [    INFO] Request method: get (api_utils.py:14)
17:32:08 [    INFO] Request URL: http://csappstage.catch.net.tw/cs/API/RPProduct (api_utils.py:15)
17:32:08 [    INFO] Request headers: {'User-Agent': 'python-requests/2.32.3', 'Accept-Encoding': 'gzip, deflate', 'Accept': '*/*', 'Connection': 'keep-alive'} (api_utils.py:17)
17:32:08 [    INFO] Request Json body: null (api_utils.py:20)
17:32:08 [    INFO] Response headers: {'X-Frame-Options': 'SAMEORIGIN', 'X-XSS-Protection': '1; mode=block', 'Cache-Control': 'no-cache, no-store, must-revalidate', 'Pragma': 'no-cache', 'X-Content-Type-Options': 'nosniff', 'Content-Type': 'text/html;charset=UTF-8', 'Date': 'Fri, 06 Dec 2024 09:32:08 GMT', 'Server': '', 'Content-Length': '374', 'Age': '0', 'Connection': 'keep-alive', 'Via': '1.1 TWM-WCG-SVR9'} (api_utils.py:23)
17:32:08 [    INFO] Response code: 200 (api_utils.py:24)
17:32:08 [    INFO] Response: {
    "cs_app": {
        "api_type": "RP0046",
        "errMsg": "com.twm.cs.domain.exception.JDBCAPIException: errApi:WT33/errMsg:用戶沒有此服務存在，無法進行取消！}]",
        "errMsgDesc": "加購失敗：請確認您已生效漫遊上網方案；若有疑問，請洽188客服中心，海外請撥漫遊免費客服電話+886935120520",
        "ret_code": "9",
        "subscrid": "14796488",
        "uid": "82800"
    }
} (api_utils.py:28)
17:32:08 [    INFO] Generated URL: http://csappstage.catch.net.tw/cs/API/RPProduct (RPProduct354APIs.py:14)
17:32:08 [    INFO] Test 18 END 
================================================================================================================================ (test_RPProduct354APIs.py:58)
17:32:08 [    INFO] Sending API request with parameters:
{
  "token":"DEV",
  "os":"ios",
  "ver":"9.13.3",
  "type":"RP0046",
  "svc_item":"WS908",
  "action":"A"
}
 (test_RPProduct354APIs.py:30)
17:32:08 [    INFO] Request method: get (api_utils.py:14)
17:32:08 [    INFO] Request URL: http://csappstage.catch.net.tw/cs/API/RPProduct (api_utils.py:15)
17:32:08 [    INFO] Request headers: {'User-Agent': 'python-requests/2.32.3', 'Accept-Encoding': 'gzip, deflate', 'Accept': '*/*', 'Connection': 'keep-alive'} (api_utils.py:17)
17:32:08 [    INFO] Request Json body: null (api_utils.py:20)
17:32:08 [    INFO] Response headers: {'X-Frame-Options': 'SAMEORIGIN', 'X-XSS-Protection': '1; mode=block', 'Cache-Control': 'no-cache, no-store, must-revalidate', 'Pragma': 'no-cache', 'X-Content-Type-Options': 'nosniff', 'Content-Type': 'text/html;charset=UTF-8', 'Date': 'Fri, 06 Dec 2024 09:32:08 GMT', 'Server': '', 'Content-Length': '453', 'Age': '0', 'Connection': 'keep-alive', 'Via': '1.1 TWM-WCG-SVR9'} (api_utils.py:23)
17:32:08 [    INFO] Response code: 200 (api_utils.py:24)
17:32:08 [    INFO] Response: {
    "cs_app": {
        "api_type": "RP0046",
        "errMsg": "com.twm.cs.domain.exception.JDBCAPIException: errApi:WT33/errMsg:此項服務必須有3GCAS_行動上網或BBNET_BlackBerry或3DVPA_企業MDVPN II(vpn2,internet,mms)之服務項目,方可申請!!}]",
        "errMsgDesc": "加購失敗：請確認您已生效漫遊上網方案；若有疑問，請洽188客服中心，海外請撥漫遊免費客服電話+886935120520",
        "ret_code": "9",
        "subscrid": "14796488",
        "uid": "82800"
    }
} (api_utils.py:28)
17:32:08 [    INFO] Generated URL: http://csappstage.catch.net.tw/cs/API/RPProduct (RPProduct354APIs.py:14)
17:32:08 [    INFO] Test 19 END 
================================================================================================================================ (test_RPProduct354APIs.py:58)
17:32:08 [    INFO] Sending API request with parameters:
{
  "token":"DEV",
  "os":"ios",
  "ver":"9.13.3",
  "type":"RP0046",
  "svc_item":"WS908",
  "action":"D"
}
 (test_RPProduct354APIs.py:30)
17:32:08 [    INFO] Request method: get (api_utils.py:14)
17:32:08 [    INFO] Request URL: http://csappstage.catch.net.tw/cs/API/RPProduct (api_utils.py:15)
17:32:08 [    INFO] Request headers: {'User-Agent': 'python-requests/2.32.3', 'Accept-Encoding': 'gzip, deflate', 'Accept': '*/*', 'Connection': 'keep-alive'} (api_utils.py:17)
17:32:08 [    INFO] Request Json body: null (api_utils.py:20)
17:32:09 [    INFO] Response headers: {'X-Frame-Options': 'SAMEORIGIN', 'X-XSS-Protection': '1; mode=block', 'Cache-Control': 'no-cache, no-store, must-revalidate', 'Pragma': 'no-cache', 'X-Content-Type-Options': 'nosniff', 'Content-Type': 'text/html;charset=UTF-8', 'Date': 'Fri, 06 Dec 2024 09:32:08 GMT', 'Server': '', 'Content-Length': '374', 'Age': '2', 'Connection': 'keep-alive', 'Via': '1.1 TWM-WCG-SVR9'} (api_utils.py:23)
17:32:09 [    INFO] Response code: 200 (api_utils.py:24)
17:32:09 [    INFO] Response: {
    "cs_app": {
        "api_type": "RP0046",
        "errMsg": "com.twm.cs.domain.exception.JDBCAPIException: errApi:WT33/errMsg:用戶沒有此服務存在，無法進行取消！}]",
        "errMsgDesc": "加購失敗：請確認您已生效漫遊上網方案；若有疑問，請洽188客服中心，海外請撥漫遊免費客服電話+886935120520",
        "ret_code": "9",
        "subscrid": "14796488",
        "uid": "82800"
    }
} (api_utils.py:28)
17:32:09 [    INFO] Generated URL: http://csappstage.catch.net.tw/cs/API/RPProduct (RPProduct354APIs.py:14)
17:32:09 [    INFO] Test 20 END 
================================================================================================================================ (test_RPProduct354APIs.py:58)
17:32:09 [    INFO] Sending API request with parameters:
{
  "token":"DEV",
  "os":"android",
  "ver":"9.13.3",
  "type":"RP0046",
  "svc_item":"",
  "action":"A"
}
 (test_RPProduct354APIs.py:30)
17:32:09 [    INFO] Request method: get (api_utils.py:14)
17:32:09 [    INFO] Request URL: http://csappstage.catch.net.tw/cs/API/RPProduct (api_utils.py:15)
17:32:09 [    INFO] Request headers: {'User-Agent': 'python-requests/2.32.3', 'Accept-Encoding': 'gzip, deflate', 'Accept': '*/*', 'Connection': 'keep-alive'} (api_utils.py:17)
17:32:09 [    INFO] Request Json body: null (api_utils.py:20)
17:32:09 [    INFO] Response headers: {'X-Frame-Options': 'SAMEORIGIN', 'X-XSS-Protection': '1; mode=block', 'Cache-Control': 'no-cache, no-store, must-revalidate', 'Pragma': 'no-cache', 'X-Content-Type-Options': 'nosniff', 'Content-Type': 'text/html;charset=UTF-8', 'Date': 'Fri, 06 Dec 2024 09:32:09 GMT', 'Server': '', 'Content-Length': '410', 'Age': '0', 'Connection': 'keep-alive', 'Via': '1.1 TWM-WCG-SVR9'} (api_utils.py:23)
17:32:09 [    INFO] Response code: 200 (api_utils.py:24)
17:32:09 [    INFO] Response: {
    "cs_app": {
        "api_type": "RP0046",
        "errMsg": "com.twm.cs.domain.exception.JDBCAPIException: errApi:CW_PG_CHNG_WO_BOOK_QRY.PC_GET_WO_SVC_ITEM/errMsg:參數檢查:月租型服務代碼不可傳入空值",
        "errMsgDesc": "加購失敗：請確認您已生效漫遊上網方案；若有疑問，請洽188客服中心，海外請撥漫遊免費客服電話+886935120520",
        "ret_code": "9",
        "subscrid": "14796488",
        "uid": "82800"
    }
} (api_utils.py:28)
17:32:09 [    INFO] Generated URL: http://csappstage.catch.net.tw/cs/API/RPProduct (RPProduct354APIs.py:14)
17:32:09 [    INFO] Test 21 END 
================================================================================================================================ (test_RPProduct354APIs.py:58)
17:32:09 [    INFO] Sending API request with parameters:
{
  "token":"DEV",
  "os":"android",
  "ver":"9.13.3",
  "type":"RP0046",
  "svc_item":"",
  "action":"D"
}
 (test_RPProduct354APIs.py:30)
17:32:09 [    INFO] Request method: get (api_utils.py:14)
17:32:09 [    INFO] Request URL: http://csappstage.catch.net.tw/cs/API/RPProduct (api_utils.py:15)
17:32:09 [    INFO] Request headers: {'User-Agent': 'python-requests/2.32.3', 'Accept-Encoding': 'gzip, deflate', 'Accept': '*/*', 'Connection': 'keep-alive'} (api_utils.py:17)
17:32:09 [    INFO] Request Json body: null (api_utils.py:20)
17:32:09 [    INFO] Response headers: {'X-Frame-Options': 'SAMEORIGIN', 'X-XSS-Protection': '1; mode=block', 'Cache-Control': 'no-cache, no-store, must-revalidate', 'Pragma': 'no-cache', 'X-Content-Type-Options': 'nosniff', 'Content-Type': 'text/html;charset=UTF-8', 'Date': 'Fri, 06 Dec 2024 09:32:09 GMT', 'Server': '', 'Content-Length': '410', 'Age': '0', 'Connection': 'keep-alive', 'Via': '1.1 TWM-WCG-SVR9'} (api_utils.py:23)
17:32:09 [    INFO] Response code: 200 (api_utils.py:24)
17:32:09 [    INFO] Response: {
    "cs_app": {
        "api_type": "RP0046",
        "errMsg": "com.twm.cs.domain.exception.JDBCAPIException: errApi:CW_PG_CHNG_WO_BOOK_QRY.PC_GET_WO_SVC_ITEM/errMsg:參數檢查:月租型服務代碼不可傳入空值",
        "errMsgDesc": "加購失敗：請確認您已生效漫遊上網方案；若有疑問，請洽188客服中心，海外請撥漫遊免費客服電話+886935120520",
        "ret_code": "9",
        "subscrid": "14796488",
        "uid": "82800"
    }
} (api_utils.py:28)
17:32:09 [    INFO] Generated URL: http://csappstage.catch.net.tw/cs/API/RPProduct (RPProduct354APIs.py:14)
17:32:09 [    INFO] Test 22 END 
================================================================================================================================ (test_RPProduct354APIs.py:58)
17:32:09 [    INFO] Sending API request with parameters:
{
  "token":"DEV",
  "os":"ios",
  "ver":"9.13.3",
  "type":"RP0046",
  "svc_item":"",
  "action":"A"
}
 (test_RPProduct354APIs.py:30)
17:32:09 [    INFO] Request method: get (api_utils.py:14)
17:32:09 [    INFO] Request URL: http://csappstage.catch.net.tw/cs/API/RPProduct (api_utils.py:15)
17:32:09 [    INFO] Request headers: {'User-Agent': 'python-requests/2.32.3', 'Accept-Encoding': 'gzip, deflate', 'Accept': '*/*', 'Connection': 'keep-alive'} (api_utils.py:17)
17:32:09 [    INFO] Request Json body: null (api_utils.py:20)
17:32:09 [    INFO] Response headers: {'X-Frame-Options': 'SAMEORIGIN', 'X-XSS-Protection': '1; mode=block', 'Cache-Control': 'no-cache, no-store, must-revalidate', 'Pragma': 'no-cache', 'X-Content-Type-Options': 'nosniff', 'Content-Type': 'text/html;charset=UTF-8', 'Date': 'Fri, 06 Dec 2024 09:32:09 GMT', 'Server': '', 'Content-Length': '410', 'Age': '0', 'Connection': 'keep-alive', 'Via': '1.1 TWM-WCG-SVR9'} (api_utils.py:23)
17:32:09 [    INFO] Response code: 200 (api_utils.py:24)
17:32:09 [    INFO] Response: {
    "cs_app": {
        "api_type": "RP0046",
        "errMsg": "com.twm.cs.domain.exception.JDBCAPIException: errApi:CW_PG_CHNG_WO_BOOK_QRY.PC_GET_WO_SVC_ITEM/errMsg:參數檢查:月租型服務代碼不可傳入空值",
        "errMsgDesc": "加購失敗：請確認您已生效漫遊上網方案；若有疑問，請洽188客服中心，海外請撥漫遊免費客服電話+886935120520",
        "ret_code": "9",
        "subscrid": "14796488",
        "uid": "82800"
    }
} (api_utils.py:28)
17:32:09 [    INFO] Generated URL: http://csappstage.catch.net.tw/cs/API/RPProduct (RPProduct354APIs.py:14)
17:32:09 [    INFO] Test 23 END 
================================================================================================================================ (test_RPProduct354APIs.py:58)
17:32:09 [    INFO] Sending API request with parameters:
{
  "token":"DEV",
  "os":"ios",
  "ver":"9.13.3",
  "type":"RP0046",
  "svc_item":"",
  "action":"D"
}
 (test_RPProduct354APIs.py:30)
17:32:09 [    INFO] Request method: get (api_utils.py:14)
17:32:09 [    INFO] Request URL: http://csappstage.catch.net.tw/cs/API/RPProduct (api_utils.py:15)
17:32:09 [    INFO] Request headers: {'User-Agent': 'python-requests/2.32.3', 'Accept-Encoding': 'gzip, deflate', 'Accept': '*/*', 'Connection': 'keep-alive'} (api_utils.py:17)
17:32:09 [    INFO] Request Json body: null (api_utils.py:20)
17:32:09 [    INFO] Response headers: {'X-Frame-Options': 'SAMEORIGIN', 'X-XSS-Protection': '1; mode=block', 'Cache-Control': 'no-cache, no-store, must-revalidate', 'Pragma': 'no-cache', 'X-Content-Type-Options': 'nosniff', 'Content-Type': 'text/html;charset=UTF-8', 'Date': 'Fri, 06 Dec 2024 09:32:09 GMT', 'Server': '', 'Content-Length': '410', 'Age': '0', 'Connection': 'keep-alive', 'Via': '1.1 TWM-WCG-SVR9'} (api_utils.py:23)
17:32:09 [    INFO] Response code: 200 (api_utils.py:24)
17:32:09 [    INFO] Response: {
    "cs_app": {
        "api_type": "RP0046",
        "errMsg": "com.twm.cs.domain.exception.JDBCAPIException: errApi:CW_PG_CHNG_WO_BOOK_QRY.PC_GET_WO_SVC_ITEM/errMsg:參數檢查:月租型服務代碼不可傳入空值",
        "errMsgDesc": "加購失敗：請確認您已生效漫遊上網方案；若有疑問，請洽188客服中心，海外請撥漫遊免費客服電話+886935120520",
        "ret_code": "9",
        "subscrid": "14796488",
        "uid": "82800"
    }
} (api_utils.py:28)
17:32:09 [    INFO] Generated URL: http://csappstage.catch.net.tw/cs/API/RPProduct (RPProduct354APIs.py:14)
17:32:09 [    INFO] Test 24 END 
================================================================================================================================ (test_RPProduct354APIs.py:58)
